main.c:127:5:draw	24	static
main.c:179:5:turn	24	static
main.c:230:5:main	312	static
main.c:406:6:SystemClock_Config	216	static
main.c:482:13:MX_ADC1_Init	24	static
main.c:532:13:MX_ADC3_Init	24	static
main.c:582:13:MX_DAC_Init	16	static
main.c:620:13:MX_DMA2D_Init	8	static
main.c:657:13:MX_I2C1_Init	8	static
main.c:703:13:MX_I2C3_Init	8	static
main.c:749:13:MX_LTDC_Init	64	static
main.c:811:13:MX_RNG_Init	8	static
main.c:837:13:MX_RTC_Init	80	static
main.c:929:13:MX_SPI2_Init	8	static
main.c:969:13:MX_TIM1_Init	40	static
main.c:1016:13:MX_TIM2_Init	40	static
main.c:1061:13:MX_TIM3_Init	88	static
main.c:1127:13:MX_TIM5_Init	40	static
main.c:1172:13:MX_TIM8_Init	112	static
main.c:1251:13:MX_UART7_Init	8	static
main.c:1286:13:MX_USART1_UART_Init	8	static
main.c:1321:13:MX_USART6_UART_Init	8	static
main.c:1352:13:MX_FMC_Init	40	static
main.c:1403:13:MX_GPIO_Init	72	static
main.c:1580:6:HAL_UART_RxCpltCallback	16	static
main.c:1601:6:StartDefaultTask	16	static
main.c:1618:6:fcn_adv	40	static
main.c:1642:6:fcn_jeu1	24	static
main.c:1674:6:fcn_jeu2	24	static
main.c:1706:6:fcn_jeu3	24	static
main.c:1738:6:fcn_jeu4	24	static
main.c:1771:6:HAL_TIM_PeriodElapsedCallback	16	static
main.c:1788:6:Error_Handler	4	static,ignoring_inline_asm
