stm32f7xx_hal_msp.c:66:6:HAL_MspInit	16	static
stm32f7xx_hal_msp.c:90:6:HAL_ADC_MspInit	56	static
stm32f7xx_hal_msp.c:146:6:HAL_ADC_MspDeInit	16	static
stm32f7xx_hal_msp.c:193:6:HAL_DAC_MspInit	48	static
stm32f7xx_hal_msp.c:229:6:HAL_DAC_MspDeInit	16	static
stm32f7xx_hal_msp.c:259:6:HAL_DMA2D_MspInit	24	static
stm32f7xx_hal_msp.c:281:6:HAL_DMA2D_MspDeInit	16	static
stm32f7xx_hal_msp.c:303:6:HAL_I2C_MspInit	56	static
stm32f7xx_hal_msp.c:363:6:HAL_I2C_MspDeInit	16	static
stm32f7xx_hal_msp.c:414:6:HAL_LTDC_MspInit	64	static
stm32f7xx_hal_msp.c:515:6:HAL_LTDC_MspDeInit	16	static
stm32f7xx_hal_msp.c:584:6:HAL_RNG_MspInit	24	static
stm32f7xx_hal_msp.c:606:6:HAL_RNG_MspDeInit	16	static
stm32f7xx_hal_msp.c:628:6:HAL_RTC_MspInit	16	static
stm32f7xx_hal_msp.c:650:6:HAL_RTC_MspDeInit	16	static
stm32f7xx_hal_msp.c:672:6:HAL_SPI_MspInit	48	static
stm32f7xx_hal_msp.c:725:6:HAL_SPI_MspDeInit	16	static
stm32f7xx_hal_msp.c:758:6:HAL_TIM_Base_MspInit	40	static
stm32f7xx_hal_msp.c:818:6:HAL_TIM_MspPostInit	48	static
stm32f7xx_hal_msp.c:870:6:HAL_TIM_Base_MspDeInit	16	static
stm32f7xx_hal_msp.c:936:6:HAL_UART_MspInit	64	static
stm32f7xx_hal_msp.c:1031:6:HAL_UART_MspDeInit	16	static
stm32f7xx_hal_msp.c:1096:13:HAL_FMC_MspInit	32	static
stm32f7xx_hal_msp.c:1202:6:HAL_SDRAM_MspInit	16	static
stm32f7xx_hal_msp.c:1214:13:HAL_FMC_MspDeInit	8	static
stm32f7xx_hal_msp.c:1288:6:HAL_SDRAM_MspDeInit	16	static
