Archive member included to satisfy reference by file (symbol)

c:/st/stm32cubeide_1.5.1/stm32cubeide/plugins/com.st.stm32cube.ide.mcu.externaltools.gnu-tools-for-stm32.7-2018-q2-update.win32_1.5.0.202011040924/tools/bin/../lib/gcc/arm-none-eabi/7.3.1/../../../../arm-none-eabi/lib/thumb/v7e-m/fpv4-sp/hard\libc_nano.a(lib_a-errno.o)
                              Core/Src/syscalls.o (__errno)
c:/st/stm32cubeide_1.5.1/stm32cubeide/plugins/com.st.stm32cube.ide.mcu.externaltools.gnu-tools-for-stm32.7-2018-q2-update.win32_1.5.0.202011040924/tools/bin/../lib/gcc/arm-none-eabi/7.3.1/../../../../arm-none-eabi/lib/thumb/v7e-m/fpv4-sp/hard\libc_nano.a(lib_a-exit.o)
                              c:/st/stm32cubeide_1.5.1/stm32cubeide/plugins/com.st.stm32cube.ide.mcu.externaltools.gnu-tools-for-stm32.7-2018-q2-update.win32_1.5.0.202011040924/tools/bin/../lib/gcc/arm-none-eabi/7.3.1/../../../../arm-none-eabi/lib/thumb/v7e-m/fpv4-sp/hard/crt0.o (exit)
c:/st/stm32cubeide_1.5.1/stm32cubeide/plugins/com.st.stm32cube.ide.mcu.externaltools.gnu-tools-for-stm32.7-2018-q2-update.win32_1.5.0.202011040924/tools/bin/../lib/gcc/arm-none-eabi/7.3.1/../../../../arm-none-eabi/lib/thumb/v7e-m/fpv4-sp/hard\libc_nano.a(lib_a-impure.o)
                              c:/st/stm32cubeide_1.5.1/stm32cubeide/plugins/com.st.stm32cube.ide.mcu.externaltools.gnu-tools-for-stm32.7-2018-q2-update.win32_1.5.0.202011040924/tools/bin/../lib/gcc/arm-none-eabi/7.3.1/../../../../arm-none-eabi/lib/thumb/v7e-m/fpv4-sp/hard\libc_nano.a(lib_a-exit.o) (_global_impure_ptr)
c:/st/stm32cubeide_1.5.1/stm32cubeide/plugins/com.st.stm32cube.ide.mcu.externaltools.gnu-tools-for-stm32.7-2018-q2-update.win32_1.5.0.202011040924/tools/bin/../lib/gcc/arm-none-eabi/7.3.1/../../../../arm-none-eabi/lib/thumb/v7e-m/fpv4-sp/hard\libc_nano.a(lib_a-init.o)
                              c:/st/stm32cubeide_1.5.1/stm32cubeide/plugins/com.st.stm32cube.ide.mcu.externaltools.gnu-tools-for-stm32.7-2018-q2-update.win32_1.5.0.202011040924/tools/bin/../lib/gcc/arm-none-eabi/7.3.1/../../../../arm-none-eabi/lib/thumb/v7e-m/fpv4-sp/hard/crt0.o (__libc_init_array)
c:/st/stm32cubeide_1.5.1/stm32cubeide/plugins/com.st.stm32cube.ide.mcu.externaltools.gnu-tools-for-stm32.7-2018-q2-update.win32_1.5.0.202011040924/tools/bin/../lib/gcc/arm-none-eabi/7.3.1/../../../../arm-none-eabi/lib/thumb/v7e-m/fpv4-sp/hard\libc_nano.a(lib_a-memcpy-stub.o)
                              Middlewares/Third_Party/FreeRTOS/Source/queue.o (memcpy)
c:/st/stm32cubeide_1.5.1/stm32cubeide/plugins/com.st.stm32cube.ide.mcu.externaltools.gnu-tools-for-stm32.7-2018-q2-update.win32_1.5.0.202011040924/tools/bin/../lib/gcc/arm-none-eabi/7.3.1/../../../../arm-none-eabi/lib/thumb/v7e-m/fpv4-sp/hard\libc_nano.a(lib_a-memset.o)
                              c:/st/stm32cubeide_1.5.1/stm32cubeide/plugins/com.st.stm32cube.ide.mcu.externaltools.gnu-tools-for-stm32.7-2018-q2-update.win32_1.5.0.202011040924/tools/bin/../lib/gcc/arm-none-eabi/7.3.1/../../../../arm-none-eabi/lib/thumb/v7e-m/fpv4-sp/hard/crt0.o (memset)
c:/st/stm32cubeide_1.5.1/stm32cubeide/plugins/com.st.stm32cube.ide.mcu.externaltools.gnu-tools-for-stm32.7-2018-q2-update.win32_1.5.0.202011040924/tools/bin/../lib/gcc/arm-none-eabi/7.3.1/../../../../arm-none-eabi/lib/thumb/v7e-m/fpv4-sp/hard\libc_nano.a(lib_a-sprintf.o)
                              Core/Src/main.o (sprintf)
c:/st/stm32cubeide_1.5.1/stm32cubeide/plugins/com.st.stm32cube.ide.mcu.externaltools.gnu-tools-for-stm32.7-2018-q2-update.win32_1.5.0.202011040924/tools/bin/../lib/gcc/arm-none-eabi/7.3.1/../../../../arm-none-eabi/lib/thumb/v7e-m/fpv4-sp/hard\libc_nano.a(lib_a-nano-svfprintf.o)
                              c:/st/stm32cubeide_1.5.1/stm32cubeide/plugins/com.st.stm32cube.ide.mcu.externaltools.gnu-tools-for-stm32.7-2018-q2-update.win32_1.5.0.202011040924/tools/bin/../lib/gcc/arm-none-eabi/7.3.1/../../../../arm-none-eabi/lib/thumb/v7e-m/fpv4-sp/hard\libc_nano.a(lib_a-sprintf.o) (_svfprintf_r)
c:/st/stm32cubeide_1.5.1/stm32cubeide/plugins/com.st.stm32cube.ide.mcu.externaltools.gnu-tools-for-stm32.7-2018-q2-update.win32_1.5.0.202011040924/tools/bin/../lib/gcc/arm-none-eabi/7.3.1/../../../../arm-none-eabi/lib/thumb/v7e-m/fpv4-sp/hard\libc_nano.a(lib_a-nano-vfprintf_i.o)
                              c:/st/stm32cubeide_1.5.1/stm32cubeide/plugins/com.st.stm32cube.ide.mcu.externaltools.gnu-tools-for-stm32.7-2018-q2-update.win32_1.5.0.202011040924/tools/bin/../lib/gcc/arm-none-eabi/7.3.1/../../../../arm-none-eabi/lib/thumb/v7e-m/fpv4-sp/hard\libc_nano.a(lib_a-nano-svfprintf.o) (_printf_i)
c:/st/stm32cubeide_1.5.1/stm32cubeide/plugins/com.st.stm32cube.ide.mcu.externaltools.gnu-tools-for-stm32.7-2018-q2-update.win32_1.5.0.202011040924/tools/bin/../lib/gcc/arm-none-eabi/7.3.1/../../../../arm-none-eabi/lib/thumb/v7e-m/fpv4-sp/hard\libc_nano.a(lib_a-memchr.o)
[...]
Memory Configuration

Name             Origin             Length             Attributes
RAM              0x0000000020000000 0x0000000000050000 xrw
FLASH            0x0000000008000000 0x0000000000100000 xr
*default*        0x0000000000000000 0xffffffffffffffff

Linker script and memory map

LOAD c:/st/stm32cubeide_1.5.1/stm32cubeide/plugins/com.st.stm32cube.ide.mcu.externaltools.gnu-tools-for-stm32.7-2018-q2-update.win32_1.5.0.202011040924/tools/bin/../lib/gcc/arm-none-eabi/7.3.1/thumb/v7e-m/fpv4-sp/hard/crti.o
LOAD c:/st/stm32cubeide_1.5.1/stm32cubeide/plugins/com.st.stm32cube.ide.mcu.externaltools.gnu-tools-for-stm32.7-2018-q2-update.win32_1.5.0.202011040924/tools/bin/../lib/gcc/arm-none-eabi/7.3.1/thumb/v7e-m/fpv4-sp/hard/crtbegin.o
LOAD c:/st/stm32cubeide_1.5.1/stm32cubeide/plugins/com.st.stm32cube.ide.mcu.externaltools.gnu-tools-for-stm32.7-2018-q2-update.win32_1.5.0.202011040924/tools/bin/../lib/gcc/arm-none-eabi/7.3.1/../../../../arm-none-eabi/lib/thumb/v7e-m/fpv4-sp/hard/crt0.o
LOAD Core/Src/freertos.o
LOAD Core/Src/ft5336.o
LOAD Core/Src/main.o
LOAD Core/Src/stm32746g_discovery.o
LOAD Core/Src/stm32746g_discovery_lcd.o
LOAD Core/Src/stm32746g_discovery_sdram.o
LOAD Core/Src/stm32746g_discovery_ts.o
LOAD Core/Src/stm32f7xx_hal_msp.o
LOAD Core/Src/stm32f7xx_hal_timebase_tim.o
LOAD Core/Src/stm32f7xx_it.o
LOAD Core/Src/syscalls.o
LOAD Core/Src/sysmem.o
LOAD Core/Src/system_stm32f7xx.o
LOAD Core/Startup/startup_stm32f746nghx.o
LOAD Drivers/STM32F7xx_HAL_Driver/Src/stm32f7xx_hal.o
LOAD Drivers/STM32F7xx_HAL_Driver/Src/stm32f7xx_hal_adc.o
LOAD Drivers/STM32F7xx_HAL_Driver/Src/stm32f7xx_hal_adc_ex.o
LOAD Drivers/STM32F7xx_HAL_Driver/Src/stm32f7xx_hal_cortex.o
LOAD Drivers/STM32F7xx_HAL_Driver/Src/stm32f7xx_hal_dac.o
LOAD Drivers/STM32F7xx_HAL_Driver/Src/stm32f7xx_hal_dac_ex.o
LOAD Drivers/STM32F7xx_HAL_Driver/Src/stm32f7xx_hal_dma.o
LOAD Drivers/STM32F7xx_HAL_Driver/Src/stm32f7xx_hal_dma2d.o
LOAD Drivers/STM32F7xx_HAL_Driver/Src/stm32f7xx_hal_dma_ex.o
LOAD Drivers/STM32F7xx_HAL_Driver/Src/stm32f7xx_hal_dsi.o
LOAD Drivers/STM32F7xx_HAL_Driver/Src/stm32f7xx_hal_exti.o
LOAD Drivers/STM32F7xx_HAL_Driver/Src/stm32f7xx_hal_flash.o
LOAD Drivers/STM32F7xx_HAL_Driver/Src/stm32f7xx_hal_flash_ex.o
LOAD Drivers/STM32F7xx_HAL_Driver/Src/stm32f7xx_hal_gpio.o
LOAD Drivers/STM32F7xx_HAL_Driver/Src/stm32f7xx_hal_i2c.o
LOAD Drivers/STM32F7xx_HAL_Driver/Src/stm32f7xx_hal_i2c_ex.o
LOAD Drivers/STM32F7xx_HAL_Driver/Src/stm32f7xx_hal_ltdc.o
LOAD Drivers/STM32F7xx_HAL_Driver/Src/stm32f7xx_hal_ltdc_ex.o
LOAD Drivers/STM32F7xx_HAL_Driver/Src/stm32f7xx_hal_pwr.o
LOAD Drivers/STM32F7xx_HAL_Driver/Src/stm32f7xx_hal_pwr_ex.o
LOAD Drivers/STM32F7xx_HAL_Driver/Src/stm32f7xx_hal_rcc.o
LOAD Drivers/STM32F7xx_HAL_Driver/Src/stm32f7xx_hal_rcc_ex.o
LOAD Drivers/STM32F7xx_HAL_Driver/Src/stm32f7xx_hal_rng.o
LOAD Drivers/STM32F7xx_HAL_Driver/Src/stm32f7xx_hal_rtc.o
LOAD Drivers/STM32F7xx_HAL_Driver/Src/stm32f7xx_hal_rtc_ex.o
LOAD Drivers/STM32F7xx_HAL_Driver/Src/stm32f7xx_hal_sdram.o
LOAD Drivers/STM32F7xx_HAL_Driver/Src/stm32f7xx_hal_spi.o
LOAD Drivers/STM32F7xx_HAL_Driver/Src/stm32f7xx_hal_spi_ex.o
LOAD Drivers/STM32F7xx_HAL_Driver/Src/stm32f7xx_hal_tim.o
LOAD Drivers/STM32F7xx_HAL_Driver/Src/stm32f7xx_hal_tim_ex.o
LOAD Drivers/STM32F7xx_HAL_Driver/Src/stm32f7xx_hal_uart.o
LOAD Drivers/STM32F7xx_HAL_Driver/Src/stm32f7xx_hal_uart_ex.o
LOAD Drivers/STM32F7xx_HAL_Driver/Src/stm32f7xx_ll_fmc.o
LOAD Middlewares/Third_Party/FreeRTOS/Source/CMSIS_RTOS/cmsis_os.o
LOAD Middlewares/Third_Party/FreeRTOS/Source/croutine.o
LOAD Middlewares/Third_Party/FreeRTOS/Source/event_groups.o
LOAD Middlewares/Third_Party/FreeRTOS/Source/list.o
LOAD Middlewares/Third_Party/FreeRTOS/Source/queue.o
LOAD Middlewares/Third_Party/FreeRTOS/Source/stream_buffer.o
LOAD Middlewares/Third_Party/FreeRTOS/Source/tasks.o
LOAD Middlewares/Third_Party/FreeRTOS/Source/timers.o
LOAD Middlewares/Third_Party/FreeRTOS/Source/portable/GCC/ARM_CM7/r0p1/port.o
LOAD Middlewares/Third_Party/FreeRTOS/Source/portable/MemMang/heap_4.o
START GROUP
LOAD c:/st/stm32cubeide_1.5.1/stm32cubeide/plugins/com.st.stm32cube.ide.mcu.externaltools.gnu-tools-for-stm32.7-2018-q2-update.win32_1.5.0.202011040924/tools/bin/../lib/gcc/arm-none-eabi/7.3.1/../../../../arm-none-eabi/lib/thumb/v7e-m/fpv4-sp/hard\libc_nano.a
LOAD c:/st/stm32cubeide_1.5.1/stm32cubeide/plugins/com.st.stm32cube.ide.mcu.externaltools.gnu-tools-for-stm32.7-2018-q2-update.win32_1.5.0.202011040924/tools/bin/../lib/gcc/arm-none-eabi/7.3.1/../../../../arm-none-eabi/lib/thumb/v7e-m/fpv4-sp/hard\libm.a
END GROUP
START GROUP
LOAD c:/st/stm32cubeide_1.5.1/stm32cubeide/plugins/com.st.stm32cube.ide.mcu.externaltools.gnu-tools-for-stm32.7-2018-q2-update.win32_1.5.0.202011040924/tools/bin/../lib/gcc/arm-none-eabi/7.3.1/thumb/v7e-m/fpv4-sp/hard\libgcc.a
LOAD c:/st/stm32cubeide_1.5.1/stm32cubeide/plugins/com.st.stm32cube.ide.mcu.externaltools.gnu-tools-for-stm32.7-2018-q2-update.win32_1.5.0.202011040924/tools/bin/../lib/gcc/arm-none-eabi/7.3.1/../../../../arm-none-eabi/lib/thumb/v7e-m/fpv4-sp/hard\libc_nano.a
END GROUP
START GROUP
LOAD c:/st/stm32cubeide_1.5.1/stm32cubeide/plugins/com.st.stm32cube.ide.mcu.externaltools.gnu-tools-for-stm32.7-2018-q2-update.win32_1.5.0.202011040924/tools/bin/../lib/gcc/arm-none-eabi/7.3.1/thumb/v7e-m/fpv4-sp/hard\libgcc.a
LOAD c:/st/stm32cubeide_1.5.1/stm32cubeide/plugins/com.st.stm32cube.ide.mcu.externaltools.gnu-tools-for-stm32.7-2018-q2-update.win32_1.5.0.202011040924/tools/bin/../lib/gcc/arm-none-eabi/7.3.1/../../../../arm-none-eabi/lib/thumb/v7e-m/fpv4-sp/hard\libc_nano.a
LOAD c:/st/stm32cubeide_1.5.1/stm32cubeide/plugins/com.st.stm32cube.ide.mcu.externaltools.gnu-tools-for-stm32.7-2018-q2-update.win32_1.5.0.202011040924/tools/bin/../lib/gcc/arm-none-eabi/7.3.1/../../../../arm-none-eabi/lib/thumb/v7e-m/fpv4-sp/hard\libnosys.a
END GROUP
START GROUP
LOAD c:/st/stm32cubeide_1.5.1/stm32cubeide/plugins/com.st.stm32cube.ide.mcu.externaltools.gnu-tools-for-stm32.7-2018-q2-update.win32_1.5.0.202011040924/tools/bin/../lib/gcc/arm-none-eabi/7.3.1/thumb/v7e-m/fpv4-sp/hard\libgcc.a
LOAD c:/st/stm32cubeide_1.5.1/stm32cubeide/plugins/com.st.stm32cube.ide.mcu.externaltools.gnu-tools-for-stm32.7-2018-q2-update.win32_1.5.0.202011040924/tools/bin/../lib/gcc/arm-none-eabi/7.3.1/../../../../arm-none-eabi/lib/thumb/v7e-m/fpv4-sp/hard\libc_nano.a
LOAD c:/st/stm32cubeide_1.5.1/stm32cubeide/plugins/com.st.stm32cube.ide.mcu.externaltools.gnu-tools-for-stm32.7-2018-q2-update.win32_1.5.0.202011040924/tools/bin/../lib/gcc/arm-none-eabi/7.3.1/../../../../arm-none-eabi/lib/thumb/v7e-m/fpv4-sp/hard\libnosys.a
END GROUP
LOAD c:/st/stm32cubeide_1.5.1/stm32cubeide/plugins/com.st.stm32cube.ide.mcu.externaltools.gnu-tools-for-stm32.7-2018-q2-update.win32_1.5.0.202011040924/tools/bin/../lib/gcc/arm-none-eabi/7.3.1/thumb/v7e-m/fpv4-sp/hard/crtend.o
LOAD c:/st/stm32cubeide_1.5.1/stm32cubeide/plugins/com.st.stm32cube.ide.mcu.externaltools.gnu-tools-for-stm32.7-2018-q2-update.win32_1.5.0.202011040924/tools/bin/../lib/gcc/arm-none-eabi/7.3.1/thumb/v7e-m/fpv4-sp/hard/crtn.o
                0x0000000020050000                _estack = (ORIGIN (RAM) + LENGTH (RAM))
                0x0000000000000200                _Min_Heap_Size = 0x200
                0x0000000000000400                _Min_Stack_Size = 0x400

.isr_vector     0x0000000008000000      0x1c8
                0x0000000008000000                . = ALIGN (0x4)
 *(.isr_vector)
 .isr_vector    0x0000000008000000      0x1c8 Core/Startup/startup_stm32f746nghx.o
                0x0000000008000000                g_pfnVectors
                0x00000000080001c8                . = ALIGN (0x4)

.text           0x00000000080001d0     0xe46c
                0x00000000080001d0                . = ALIGN (0x4)
 *(.text)
 .text          0x00000000080001d0       0x40 c:/st/stm32cubeide_1.5.1/stm32cubeide/plugins/com.st.stm32cube.ide.mcu.externaltools.gnu-tools-for-stm32.7-2018-q2-update.win32_1.5.0.202011040924/tools/bin/../lib/gcc/arm-none-eabi/7.3.1/thumb/v7e-m/fpv4-sp/hard/crtbegin.o
 .text          0x0000000008000210       0xa0 c:/st/stm32cubeide_1.5.1/stm32cubeide/plugins/com.st.stm32cube.ide.mcu.externaltools.gnu-tools-for-stm32.7-2018-q2-update.win32_1.5.0.202011040924/tools/bin/../lib/gcc/arm-none-eabi/7.3.1/../../../../arm-none-eabi/lib/thumb/v7e-m/fpv4-sp/hard\libc_nano.a(lib_a-memchr.o)
                0x0000000008000210                memchr
 .text          0x00000000080002b0       0x30 c:/st/stm32cubeide_1.5.1/stm32cubeide/plugins/com.st.stm32cube.ide.mcu.externaltools.gnu-tools-for-stm32.7-2018-q2-update.win32_1.5.0.202011040924/tools/bin/../lib/gcc/arm-none-eabi/7.3.1/thumb/v7e-m/fpv4-sp/hard\libgcc.a(_aeabi_uldivmod.o)
                0x00000000080002b0                __aeabi_uldivmod
 .text          0x00000000080002e0      0x2cc c:/st/stm32cubeide_1.5.1/stm32cubeide/plugins/com.st.stm32cube.ide.mcu.externaltools.gnu-tools-for-stm32.7-2018-q2-update.win32_1.5.0.202011040924/tools/bin/../lib/gcc/arm-none-eabi/7.3.1/thumb/v7e-m/fpv4-sp/hard\libgcc.a(_udivmoddi4.o)
                0x00000000080002e0                __udivmoddi4
 .text          0x00000000080005ac        0x4 c:/st/stm32cubeide_1.5.1/stm32cubeide/plugins/com.st.stm32cube.ide.mcu.externaltools.gnu-tools-for-stm32.7-2018-q2-update.win32_1.5.0.202011040924/tools/bin/../lib/gcc/arm-none-eabi/7.3.1/thumb/v7e-m/fpv4-sp/hard\libgcc.a(_dvmd_tls.o)
                0x00000000080005ac                __aeabi_idiv0
                0x00000000080005ac                __aeabi_ldiv0
 *(.text*)
 .text.vApplicationIdleHook
                0x00000000080005b0        0xe Core/Src/freertos.o
                0x00000000080005b0                vApplicationIdleHook
 .text.vApplicationStackOverflowHook
                0x00000000080005be       0x16 Core/Src/freertos.o
                0x00000000080005be                vApplicationStackOverflowHook
 .text.vApplicationMallocFailedHook
                0x00000000080005d4        0xe Core/Src/freertos.o
                0x00000000080005d4                vApplicationMallocFailedHook
 *fill*         0x00000000080005e2        0x2 
 .text.vApplicationGetIdleTaskMemory
                0x00000000080005e4       0x34 Core/Src/freertos.o
                0x00000000080005e4                vApplicationGetIdleTaskMemory
 .text.ft5336_Init
                0x0000000008000618       0x1c Core/Src/ft5336.o
                0x0000000008000618                ft5336_Init
 .text.ft5336_Reset
                0x0000000008000634       0x16 Core/Src/ft5336.o
                0x0000000008000634                ft5336_Reset
 .text.ft5336_ReadID
                0x000000000800064a       0x5c Core/Src/ft5336.o
                0x000000000800064a                ft5336_ReadID
 .text.ft5336_TS_Start
                0x00000000080006a6       0x22 Core/Src/ft5336.o
                0x00000000080006a6                ft5336_TS_Start
 .text.ft5336_TS_DetectTouch
                0x00000000080006c8       0x54 Core/Src/ft5336.o
                0x00000000080006c8                ft5336_TS_DetectTouch
 .text.ft5336_TS_GetXY
                0x000000000800071c      0x1e0 Core/Src/ft5336.o
                0x000000000800071c                ft5336_TS_GetXY
 .text.ft5336_TS_EnableIT
                0x00000000080008fc       0x28 Core/Src/ft5336.o
                0x00000000080008fc                ft5336_TS_EnableIT
 .text.ft5336_TS_DisableIT
                0x0000000008000924       0x28 Core/Src/ft5336.o
                0x0000000008000924                ft5336_TS_DisableIT
 .text.ft5336_TS_ITStatus
                0x000000000800094c       0x18 Core/Src/ft5336.o
                0x000000000800094c                ft5336_TS_ITStatus
 .text.ft5336_TS_ClearIT
                0x0000000008000964       0x16 Core/Src/ft5336.o
                0x0000000008000964                ft5336_TS_ClearIT
 .text.ft5336_TS_GetGestureID
                0x000000000800097a       0x32 Core/Src/ft5336.o
                0x000000000800097a                ft5336_TS_GetGestureID
 .text.ft5336_TS_GetTouchInfo
                0x00000000080009ac      0x15c Core/Src/ft5336.o
                0x00000000080009ac                ft5336_TS_GetTouchInfo
 .text.ft5336_Get_I2C_InitializedStatus
                0x0000000008000b08       0x18 Core/Src/ft5336.o
 .text.ft5336_I2C_InitializeIfRequired
                0x0000000008000b20       0x20 Core/Src/ft5336.o
 .text.ft5336_TS_Configure
                0x0000000008000b40       0x1c Core/Src/ft5336.o
 .text.draw     0x0000000008000b5c      0x2a0 Core/Src/main.o
                0x0000000008000b5c                draw
 .text.turn     0x0000000008000dfc      0x120 Core/Src/main.o
                0x0000000008000dfc                turn
 .text.main     0x0000000008000f1c      0x3d4 Core/Src/main.o
                0x0000000008000f1c                main
 .text.SystemClock_Config
                0x00000000080012f0      0x168 Core/Src/main.o
                0x00000000080012f0                SystemClock_Config
 .text.MX_ADC1_Init
                0x0000000008001458       0xa4 Core/Src/main.o
 .text.MX_ADC3_Init
                0x00000000080014fc       0xa4 Core/Src/main.o
 .text.MX_DAC_Init
                0x00000000080015a0       0x54 Core/Src/main.o
 .text.MX_DMA2D_Init
                0x00000000080015f4       0x64 Core/Src/main.o
 .text.MX_I2C1_Init
                0x0000000008001658       0x80 Core/Src/main.o
 .text.MX_I2C3_Init
                0x00000000080016d8       0x80 Core/Src/main.o
 .text.MX_LTDC_Init
                0x0000000008001758      0x104 Core/Src/main.o
 .text.MX_RNG_Init
                0x000000000800185c       0x28 Core/Src/main.o
 .text.MX_RTC_Init
                0x0000000008001884      0x14c Core/Src/main.o
 .text.MX_SPI2_Init
                0x00000000080019d0       0x7c Core/Src/main.o
 .text.MX_TIM1_Init
                0x0000000008001a4c       0xa8 Core/Src/main.o
 .text.MX_TIM2_Init
                0x0000000008001af4       0x9c Core/Src/main.o
 .text.MX_TIM3_Init
                0x0000000008001b90      0x11c Core/Src/main.o
 .text.MX_TIM5_Init
                0x0000000008001cac       0x9c Core/Src/main.o
 .text.MX_TIM8_Init
                0x0000000008001d48      0x154 Core/Src/main.o
 .text.MX_UART7_Init
                0x0000000008001e9c       0x60 Core/Src/main.o
 .text.MX_USART1_UART_Init
                0x0000000008001efc       0x60 Core/Src/main.o
 .text.MX_USART6_UART_Init
                0x0000000008001f5c       0x60 Core/Src/main.o
 .text.MX_FMC_Init
                0x0000000008001fbc       0x9c Core/Src/main.o
 .text.MX_GPIO_Init
                0x0000000008002058      0x3d8 Core/Src/main.o
 .text.StartDefaultTask
                0x0000000008002430       0x10 Core/Src/main.o
                0x0000000008002430                StartDefaultTask
 .text.fcn_adv  0x0000000008002440       0x64 Core/Src/main.o
                0x0000000008002440                fcn_adv
 .text.fcn_jeu1
                0x00000000080024a4       0xb4 Core/Src/main.o
                0x00000000080024a4                fcn_jeu1
 .text.fcn_jeu2
                0x0000000008002558       0xb4 Core/Src/main.o
                0x0000000008002558                fcn_jeu2
 .text.fcn_jeu3
                0x000000000800260c       0xb4 Core/Src/main.o
                0x000000000800260c                fcn_jeu3
 .text.fcn_jeu4
                0x00000000080026c0       0xb8 Core/Src/main.o
                0x00000000080026c0                fcn_jeu4
 .text.HAL_TIM_PeriodElapsedCallback
                0x0000000008002778       0x24 Core/Src/main.o
                0x0000000008002778                HAL_TIM_PeriodElapsedCallback
 .text.Error_Handler
                0x000000000800279c        0x8 Core/Src/main.o
                0x000000000800279c                Error_Handler
 .text.I2Cx_MspInit
                0x00000000080027a4      0x160 Core/Src/stm32746g_discovery.o
 .text.I2Cx_Init
                0x0000000008002904       0x78 Core/Src/stm32746g_discovery.o
 .text.I2Cx_ReadMultiple
                0x000000000800297c       0x5a Core/Src/stm32746g_discovery.o
 .text.I2Cx_WriteMultiple
                0x00000000080029d6       0x5a Core/Src/stm32746g_discovery.o
 .text.I2Cx_Error
                0x0000000008002a30       0x20 Core/Src/stm32746g_discovery.o
 .text.TS_IO_Init
                0x0000000008002a50       0x14 Core/Src/stm32746g_discovery.o
                0x0000000008002a50                TS_IO_Init
 .text.TS_IO_Write
                0x0000000008002a64       0x34 Core/Src/stm32746g_discovery.o
                0x0000000008002a64                TS_IO_Write
 .text.TS_IO_Read
                0x0000000008002a98       0x3c Core/Src/stm32746g_discovery.o
                0x0000000008002a98                TS_IO_Read
 .text.TS_IO_Delay
                0x0000000008002ad4       0x16 Core/Src/stm32746g_discovery.o
                0x0000000008002ad4                TS_IO_Delay
 *fill*         0x0000000008002aea        0x2 
 .text.BSP_LCD_Init
                0x0000000008002aec       0xe0 Core/Src/stm32746g_discovery_lcd.o
                0x0000000008002aec                BSP_LCD_Init
 .text.BSP_LCD_GetXSize
                0x0000000008002bcc       0x28 Core/Src/stm32746g_discovery_lcd.o
                0x0000000008002bcc                BSP_LCD_GetXSize
 .text.BSP_LCD_GetYSize
                0x0000000008002bf4       0x28 Core/Src/stm32746g_discovery_lcd.o
                0x0000000008002bf4                BSP_LCD_GetYSize
 .text.BSP_LCD_LayerDefaultInit
                0x0000000008002c1c       0xc0 Core/Src/stm32746g_discovery_lcd.o
                0x0000000008002c1c                BSP_LCD_LayerDefaultInit
 .text.BSP_LCD_SelectLayer
                0x0000000008002cdc       0x20 Core/Src/stm32746g_discovery_lcd.o
                0x0000000008002cdc                BSP_LCD_SelectLayer
 .text.BSP_LCD_SetTextColor
                0x0000000008002cfc       0x30 Core/Src/stm32746g_discovery_lcd.o
                0x0000000008002cfc                BSP_LCD_SetTextColor
 .text.BSP_LCD_SetBackColor
                0x0000000008002d2c       0x34 Core/Src/stm32746g_discovery_lcd.o
                0x0000000008002d2c                BSP_LCD_SetBackColor
 .text.BSP_LCD_SetFont
                0x0000000008002d60       0x34 Core/Src/stm32746g_discovery_lcd.o
                0x0000000008002d60                BSP_LCD_SetFont
 .text.BSP_LCD_GetFont
                0x0000000008002d94       0x2c Core/Src/stm32746g_discovery_lcd.o
                0x0000000008002d94                BSP_LCD_GetFont
 .text.BSP_LCD_Clear
                0x0000000008002dc0       0x50 Core/Src/stm32746g_discovery_lcd.o
                0x0000000008002dc0                BSP_LCD_Clear
 .text.BSP_LCD_DisplayChar
                0x0000000008002e10       0x88 Core/Src/stm32746g_discovery_lcd.o
                0x0000000008002e10                BSP_LCD_DisplayChar
 .text.BSP_LCD_DisplayStringAt
                0x0000000008002e98      0x188 Core/Src/stm32746g_discovery_lcd.o
                0x0000000008002e98                BSP_LCD_DisplayStringAt
 .text.BSP_LCD_DisplayStringAtLine
                0x0000000008003020       0x2e Core/Src/stm32746g_discovery_lcd.o
                0x0000000008003020                BSP_LCD_DisplayStringAtLine
 *fill*         0x000000000800304e        0x2 
 .text.BSP_LCD_DrawHLine
                0x0000000008003050       0xbc Core/Src/stm32746g_discovery_lcd.o
                0x0000000008003050                BSP_LCD_DrawHLine
 .text.BSP_LCD_DrawVLine
                0x000000000800310c       0xc4 Core/Src/stm32746g_discovery_lcd.o
                0x000000000800310c                BSP_LCD_DrawVLine
 .text.BSP_LCD_DrawRect
                0x00000000080031d0       0x62 Core/Src/stm32746g_discovery_lcd.o
                0x00000000080031d0                BSP_LCD_DrawRect
 *fill*         0x0000000008003232        0x2 
 .text.BSP_LCD_DrawCircle
                0x0000000008003234      0x1e0 Core/Src/stm32746g_discovery_lcd.o
                0x0000000008003234                BSP_LCD_DrawCircle
 .text.BSP_LCD_DrawPixel
                0x0000000008003414       0x90 Core/Src/stm32746g_discovery_lcd.o
                0x0000000008003414                BSP_LCD_DrawPixel
 .text.BSP_LCD_FillCircle
                0x00000000080034a4      0x140 Core/Src/stm32746g_discovery_lcd.o
                0x00000000080034a4                BSP_LCD_FillCircle
 .text.BSP_LCD_DisplayOn
                0x00000000080035e4       0x3c Core/Src/stm32746g_discovery_lcd.o
                0x00000000080035e4                BSP_LCD_DisplayOn
 .text.BSP_LCD_MspInit
                0x0000000008003620      0x1b4 Core/Src/stm32746g_discovery_lcd.o
                0x0000000008003620                BSP_LCD_MspInit
 .text.BSP_LCD_ClockConfig
                0x00000000080037d4       0x38 Core/Src/stm32746g_discovery_lcd.o
                0x00000000080037d4                BSP_LCD_ClockConfig
 .text.DrawChar
                0x000000000800380c      0x170 Core/Src/stm32746g_discovery_lcd.o
 .text.LL_FillBuffer
                0x000000000800397c       0x98 Core/Src/stm32746g_discovery_lcd.o
 .text.BSP_SDRAM_Init
                0x0000000008003a14       0xbc Core/Src/stm32746g_discovery_sdram.o
                0x0000000008003a14                BSP_SDRAM_Init
 .text.BSP_SDRAM_Initialization_sequence
                0x0000000008003ad0       0xc0 Core/Src/stm32746g_discovery_sdram.o
                0x0000000008003ad0                BSP_SDRAM_Initialization_sequence
 .text.BSP_SDRAM_MspInit
                0x0000000008003b90      0x1f0 Core/Src/stm32746g_discovery_sdram.o
                0x0000000008003b90                BSP_SDRAM_MspInit
 .text.BSP_TS_Init
                0x0000000008003d80       0x80 Core/Src/stm32746g_discovery_ts.o
                0x0000000008003d80                BSP_TS_Init
 .text.BSP_TS_GetState
                0x0000000008003e00      0x3ac Core/Src/stm32746g_discovery_ts.o
                0x0000000008003e00                BSP_TS_GetState
 .text.BSP_TS_Get_GestureId
                0x00000000080041ac       0x94 Core/Src/stm32746g_discovery_ts.o
                0x00000000080041ac                BSP_TS_Get_GestureId
 .text.HAL_MspInit
                0x0000000008004240       0x50 Core/Src/stm32f7xx_hal_msp.o
                0x0000000008004240                HAL_MspInit
 .text.HAL_ADC_MspInit
                0x0000000008004290       0xdc Core/Src/stm32f7xx_hal_msp.o
                0x0000000008004290                HAL_ADC_MspInit
 .text.HAL_DAC_MspInit
                0x000000000800436c       0x90 Core/Src/stm32f7xx_hal_msp.o
                0x000000000800436c                HAL_DAC_MspInit
 .text.HAL_DMA2D_MspInit
                0x00000000080043fc       0x40 Core/Src/stm32f7xx_hal_msp.o
                0x00000000080043fc                HAL_DMA2D_MspInit
 .text.HAL_I2C_MspInit
                0x000000000800443c       0xf0 Core/Src/stm32f7xx_hal_msp.o
                0x000000000800443c                HAL_I2C_MspInit
 .text.HAL_I2C_MspDeInit
                0x000000000800452c       0x78 Core/Src/stm32f7xx_hal_msp.o
                0x000000000800452c                HAL_I2C_MspDeInit
 .text.HAL_LTDC_MspInit
                0x00000000080045a4      0x190 Core/Src/stm32f7xx_hal_msp.o
                0x00000000080045a4                HAL_LTDC_MspInit
 .text.HAL_RNG_MspInit
                0x0000000008004734       0x40 Core/Src/stm32f7xx_hal_msp.o
                0x0000000008004734                HAL_RNG_MspInit
 .text.HAL_RTC_MspInit
                0x0000000008004774       0x34 Core/Src/stm32f7xx_hal_msp.o
                0x0000000008004774                HAL_RTC_MspInit
 .text.HAL_SPI_MspInit
                0x00000000080047a8       0xe4 Core/Src/stm32f7xx_hal_msp.o
                0x00000000080047a8                HAL_SPI_MspInit
 .text.HAL_TIM_Base_MspInit
                0x000000000800488c       0xdc Core/Src/stm32f7xx_hal_msp.o
                0x000000000800488c                HAL_TIM_Base_MspInit
 .text.HAL_TIM_MspPostInit
                0x0000000008004968       0xbc Core/Src/stm32f7xx_hal_msp.o
                0x0000000008004968                HAL_TIM_MspPostInit
 .text.HAL_UART_MspInit
                0x0000000008004a24      0x19c Core/Src/stm32f7xx_hal_msp.o
                0x0000000008004a24                HAL_UART_MspInit
 .text.HAL_FMC_MspInit
                0x0000000008004bc0      0x120 Core/Src/stm32f7xx_hal_msp.o
 .text.HAL_SDRAM_MspInit
                0x0000000008004ce0       0x14 Core/Src/stm32f7xx_hal_msp.o
                0x0000000008004ce0                HAL_SDRAM_MspInit
 .text.HAL_InitTick
                0x0000000008004cf4       0xb0 Core/Src/stm32f7xx_hal_timebase_tim.o
                0x0000000008004cf4                HAL_InitTick
 .text.NMI_Handler
                0x0000000008004da4        0x6 Core/Src/stm32f7xx_it.o
                0x0000000008004da4                NMI_Handler
 .text.HardFault_Handler
                0x0000000008004daa        0x6 Core/Src/stm32f7xx_it.o
                0x0000000008004daa                HardFault_Handler
 .text.MemManage_Handler
                0x0000000008004db0        0x6 Core/Src/stm32f7xx_it.o
                0x0000000008004db0                MemManage_Handler
 .text.BusFault_Handler
                0x0000000008004db6        0x6 Core/Src/stm32f7xx_it.o
                0x0000000008004db6                BusFault_Handler
 .text.UsageFault_Handler
                0x0000000008004dbc        0x6 Core/Src/stm32f7xx_it.o
                0x0000000008004dbc                UsageFault_Handler
 .text.DebugMon_Handler
                0x0000000008004dc2        0xe Core/Src/stm32f7xx_it.o
                0x0000000008004dc2                DebugMon_Handler
 .text.TIM6_DAC_IRQHandler
                0x0000000008004dd0       0x1c Core/Src/stm32f7xx_it.o
                0x0000000008004dd0                TIM6_DAC_IRQHandler
 .text.UART7_IRQHandler
                0x0000000008004dec       0x14 Core/Src/stm32f7xx_it.o
                0x0000000008004dec                UART7_IRQHandler
 .text.LTDC_IRQHandler
                0x0000000008004e00       0x14 Core/Src/stm32f7xx_it.o
                0x0000000008004e00                LTDC_IRQHandler
 .text._sbrk    0x0000000008004e14       0x6c Core/Src/sysmem.o
                0x0000000008004e14                _sbrk
 .text.SystemInit
                0x0000000008004e80       0x2c Core/Src/system_stm32f7xx.o
                0x0000000008004e80                SystemInit
 .text.Reset_Handler
                0x0000000008004eac       0x50 Core/Startup/startup_stm32f746nghx.o
                0x0000000008004eac                Reset_Handler
 .text.Default_Handler
                0x0000000008004efc        0x2 Core/Startup/startup_stm32f746nghx.o
                0x0000000008004efc                RTC_Alarm_IRQHandler
                0x0000000008004efc                EXTI2_IRQHandler
                0x0000000008004efc                TIM8_CC_IRQHandler
                0x0000000008004efc                UART8_IRQHandler
                0x0000000008004efc                SPI4_IRQHandler
                0x0000000008004efc                TIM1_CC_IRQHandler
                0x0000000008004efc                DMA2_Stream5_IRQHandler
                0x0000000008004efc                DMA1_Stream5_IRQHandler
                0x0000000008004efc                PVD_IRQHandler
                0x0000000008004efc                TAMP_STAMP_IRQHandler
                0x0000000008004efc                CAN2_RX1_IRQHandler
                0x0000000008004efc                EXTI3_IRQHandler
                0x0000000008004efc                TIM8_TRG_COM_TIM14_IRQHandler
                0x0000000008004efc                TIM1_UP_TIM10_IRQHandler
                0x0000000008004efc                TIM8_UP_TIM13_IRQHandler
                0x0000000008004efc                I2C3_ER_IRQHandler
                0x0000000008004efc                EXTI0_IRQHandler
                0x0000000008004efc                I2C2_EV_IRQHandler
                0x0000000008004efc                DMA1_Stream2_IRQHandler
                0x0000000008004efc                CAN1_RX0_IRQHandler
                0x0000000008004efc                FPU_IRQHandler
                0x0000000008004efc                OTG_HS_WKUP_IRQHandler
                0x0000000008004efc                LTDC_ER_IRQHandler
                0x0000000008004efc                CAN2_SCE_IRQHandler
                0x0000000008004efc                DMA2_Stream2_IRQHandler
                0x0000000008004efc                SPI1_IRQHandler
                0x0000000008004efc                TIM1_BRK_TIM9_IRQHandler
                0x0000000008004efc                DCMI_IRQHandler
                0x0000000008004efc                CAN2_RX0_IRQHandler
                0x0000000008004efc                DMA2_Stream3_IRQHandler
                0x0000000008004efc                SAI2_IRQHandler
                0x0000000008004efc                USART6_IRQHandler
                0x0000000008004efc                USART3_IRQHandler
                0x0000000008004efc                CAN1_RX1_IRQHandler
                0x0000000008004efc                UART5_IRQHandler
                0x0000000008004efc                DMA2_Stream0_IRQHandler
                0x0000000008004efc                TIM4_IRQHandler
                0x0000000008004efc                QUADSPI_IRQHandler
                0x0000000008004efc                I2C1_EV_IRQHandler
                0x0000000008004efc                DMA1_Stream6_IRQHandler
                0x0000000008004efc                DMA1_Stream1_IRQHandler
                0x0000000008004efc                UART4_IRQHandler
                0x0000000008004efc                TIM3_IRQHandler
                0x0000000008004efc                RCC_IRQHandler
                0x0000000008004efc                TIM8_BRK_TIM12_IRQHandler
                0x0000000008004efc                Default_Handler
                0x0000000008004efc                CEC_IRQHandler
                0x0000000008004efc                EXTI15_10_IRQHandler
                0x0000000008004efc                ADC_IRQHandler
                0x0000000008004efc                DMA1_Stream7_IRQHandler
                0x0000000008004efc                SPI5_IRQHandler
                0x0000000008004efc                TIM7_IRQHandler
                0x0000000008004efc                SDMMC1_IRQHandler
                0x0000000008004efc                CAN2_TX_IRQHandler
                0x0000000008004efc                TIM5_IRQHandler
                0x0000000008004efc                DMA2_Stream7_IRQHandler
                0x0000000008004efc                I2C3_EV_IRQHandler
                0x0000000008004efc                EXTI9_5_IRQHandler
                0x0000000008004efc                RTC_WKUP_IRQHandler
                0x0000000008004efc                ETH_WKUP_IRQHandler
                0x0000000008004efc                SPDIF_RX_IRQHandler
                0x0000000008004efc                SPI2_IRQHandler
                0x0000000008004efc                OTG_HS_EP1_IN_IRQHandler
                0x0000000008004efc                DMA1_Stream0_IRQHandler
                0x0000000008004efc                CAN1_TX_IRQHandler
                0x0000000008004efc                EXTI4_IRQHandler
                0x0000000008004efc                RNG_IRQHandler
                0x0000000008004efc                ETH_IRQHandler
                0x0000000008004efc                OTG_HS_EP1_OUT_IRQHandler
                0x0000000008004efc                WWDG_IRQHandler
                0x0000000008004efc                SPI6_IRQHandler
                0x0000000008004efc                I2C4_EV_IRQHandler
                0x0000000008004efc                TIM2_IRQHandler
                0x0000000008004efc                OTG_FS_WKUP_IRQHandler
                0x0000000008004efc                TIM1_TRG_COM_TIM11_IRQHandler
                0x0000000008004efc                OTG_HS_IRQHandler
                0x0000000008004efc                DMA2D_IRQHandler
                0x0000000008004efc                EXTI1_IRQHandler
                0x0000000008004efc                USART2_IRQHandler
                0x0000000008004efc                I2C2_ER_IRQHandler
                0x0000000008004efc                DMA2_Stream1_IRQHandler
                0x0000000008004efc                CAN1_SCE_IRQHandler
                0x0000000008004efc                FLASH_IRQHandler
                0x0000000008004efc                DMA2_Stream4_IRQHandler
                0x0000000008004efc                USART1_IRQHandler
                0x0000000008004efc                OTG_FS_IRQHandler
                0x0000000008004efc                SPI3_IRQHandler
                0x0000000008004efc                DMA1_Stream4_IRQHandler
                0x0000000008004efc                I2C1_ER_IRQHandler
                0x0000000008004efc                FMC_IRQHandler
                0x0000000008004efc                LPTIM1_IRQHandler
                0x0000000008004efc                I2C4_ER_IRQHandler
                0x0000000008004efc                DMA2_Stream6_IRQHandler
                0x0000000008004efc                SAI1_IRQHandler
                0x0000000008004efc                DMA1_Stream3_IRQHandler
 .text.HAL_Init
                0x0000000008004efe       0x1a Drivers/STM32F7xx_HAL_Driver/Src/stm32f7xx_hal.o
                0x0000000008004efe                HAL_Init
 .text.HAL_IncTick
                0x0000000008004f18       0x28 Drivers/STM32F7xx_HAL_Driver/Src/stm32f7xx_hal.o
                0x0000000008004f18                HAL_IncTick
 .text.HAL_GetTick
                0x0000000008004f40       0x18 Drivers/STM32F7xx_HAL_Driver/Src/stm32f7xx_hal.o
                0x0000000008004f40                HAL_GetTick
 .text.HAL_Delay
                0x0000000008004f58       0x44 Drivers/STM32F7xx_HAL_Driver/Src/stm32f7xx_hal.o
                0x0000000008004f58                HAL_Delay
 .text.HAL_ADC_Init
                0x0000000008004f9c       0x88 Drivers/STM32F7xx_HAL_Driver/Src/stm32f7xx_hal_adc.o
                0x0000000008004f9c                HAL_ADC_Init
 .text.HAL_ADC_Start
                0x0000000008005024      0x180 Drivers/STM32F7xx_HAL_Driver/Src/stm32f7xx_hal_adc.o
                0x0000000008005024                HAL_ADC_Start
 .text.HAL_ADC_PollForConversion
                0x00000000080051a4      0x108 Drivers/STM32F7xx_HAL_Driver/Src/stm32f7xx_hal_adc.o
                0x00000000080051a4                HAL_ADC_PollForConversion
 .text.HAL_ADC_GetValue
                0x00000000080052ac       0x1a Drivers/STM32F7xx_HAL_Driver/Src/stm32f7xx_hal_adc.o
                0x00000000080052ac                HAL_ADC_GetValue
 *fill*         0x00000000080052c6        0x2 
 .text.HAL_ADC_ConfigChannel
                0x00000000080052c8      0x294 Drivers/STM32F7xx_HAL_Driver/Src/stm32f7xx_hal_adc.o
                0x00000000080052c8                HAL_ADC_ConfigChannel
 .text.ADC_Init
                0x000000000800555c      0x1f4 Drivers/STM32F7xx_HAL_Driver/Src/stm32f7xx_hal_adc.o
 .text.__NVIC_SetPriorityGrouping
                0x0000000008005750       0x48 Drivers/STM32F7xx_HAL_Driver/Src/stm32f7xx_hal_cortex.o
 .text.__NVIC_GetPriorityGrouping
                0x0000000008005798       0x1c Drivers/STM32F7xx_HAL_Driver/Src/stm32f7xx_hal_cortex.o
 .text.__NVIC_EnableIRQ
                0x00000000080057b4       0x3c Drivers/STM32F7xx_HAL_Driver/Src/stm32f7xx_hal_cortex.o
 .text.__NVIC_SetPriority
                0x00000000080057f0       0x54 Drivers/STM32F7xx_HAL_Driver/Src/stm32f7xx_hal_cortex.o
 .text.NVIC_EncodePriority
                0x0000000008005844       0x66 Drivers/STM32F7xx_HAL_Driver/Src/stm32f7xx_hal_cortex.o
 .text.HAL_NVIC_SetPriorityGrouping
                0x00000000080058aa       0x16 Drivers/STM32F7xx_HAL_Driver/Src/stm32f7xx_hal_cortex.o
                0x00000000080058aa                HAL_NVIC_SetPriorityGrouping
 .text.HAL_NVIC_SetPriority
                0x00000000080058c0       0x38 Drivers/STM32F7xx_HAL_Driver/Src/stm32f7xx_hal_cortex.o
                0x00000000080058c0                HAL_NVIC_SetPriority
 .text.HAL_NVIC_EnableIRQ
                0x00000000080058f8       0x1c Drivers/STM32F7xx_HAL_Driver/Src/stm32f7xx_hal_cortex.o
                0x00000000080058f8                HAL_NVIC_EnableIRQ
 .text.HAL_DAC_Init
                0x0000000008005914       0x44 Drivers/STM32F7xx_HAL_Driver/Src/stm32f7xx_hal_dac.o
                0x0000000008005914                HAL_DAC_Init
 .text.HAL_DAC_IRQHandler
                0x0000000008005958       0x94 Drivers/STM32F7xx_HAL_Driver/Src/stm32f7xx_hal_dac.o
                0x0000000008005958                HAL_DAC_IRQHandler
 .text.HAL_DAC_DMAUnderrunCallbackCh1
                0x00000000080059ec       0x14 Drivers/STM32F7xx_HAL_Driver/Src/stm32f7xx_hal_dac.o
                0x00000000080059ec                HAL_DAC_DMAUnderrunCallbackCh1
 .text.HAL_DAC_ConfigChannel
                0x0000000008005a00       0x9a Drivers/STM32F7xx_HAL_Driver/Src/stm32f7xx_hal_dac.o
                0x0000000008005a00                HAL_DAC_ConfigChannel
 .text.HAL_DACEx_DMAUnderrunCallbackCh2
                0x0000000008005a9a       0x14 Drivers/STM32F7xx_HAL_Driver/Src/stm32f7xx_hal_dac_ex.o
                0x0000000008005a9a                HAL_DACEx_DMAUnderrunCallbackCh2
 *fill*         0x0000000008005aae        0x2 
 .text.HAL_DMA_Init
                0x0000000008005ab0      0x15c Drivers/STM32F7xx_HAL_Driver/Src/stm32f7xx_hal_dma.o
                0x0000000008005ab0                HAL_DMA_Init
 .text.HAL_DMA_DeInit
                0x0000000008005c0c       0xbc Drivers/STM32F7xx_HAL_Driver/Src/stm32f7xx_hal_dma.o
                0x0000000008005c0c                HAL_DMA_DeInit
 .text.HAL_DMA_Abort_IT
                0x0000000008005cc8       0x44 Drivers/STM32F7xx_HAL_Driver/Src/stm32f7xx_hal_dma.o
                0x0000000008005cc8                HAL_DMA_Abort_IT
 .text.DMA_CalcBaseAndBitshift
                0x0000000008005d0c       0x6c Drivers/STM32F7xx_HAL_Driver/Src/stm32f7xx_hal_dma.o
 .text.DMA_CheckFifoParam
                0x0000000008005d78       0xf4 Drivers/STM32F7xx_HAL_Driver/Src/stm32f7xx_hal_dma.o
 .text.HAL_DMA2D_Init
                0x0000000008005e6c       0x94 Drivers/STM32F7xx_HAL_Driver/Src/stm32f7xx_hal_dma2d.o
                0x0000000008005e6c                HAL_DMA2D_Init
 .text.HAL_DMA2D_Start
                0x0000000008005f00       0x56 Drivers/STM32F7xx_HAL_Driver/Src/stm32f7xx_hal_dma2d.o
                0x0000000008005f00                HAL_DMA2D_Start
 .text.HAL_DMA2D_PollForTransfer
                0x0000000008005f56      0x1d2 Drivers/STM32F7xx_HAL_Driver/Src/stm32f7xx_hal_dma2d.o
                0x0000000008005f56                HAL_DMA2D_PollForTransfer
 .text.HAL_DMA2D_ConfigLayer
                0x0000000008006128      0x124 Drivers/STM32F7xx_HAL_Driver/Src/stm32f7xx_hal_dma2d.o
                0x0000000008006128                HAL_DMA2D_ConfigLayer
 .text.DMA2D_SetConfig
                0x000000000800624c      0x138 Drivers/STM32F7xx_HAL_Driver/Src/stm32f7xx_hal_dma2d.o
 .text.HAL_GPIO_Init
                0x0000000008006384      0x354 Drivers/STM32F7xx_HAL_Driver/Src/stm32f7xx_hal_gpio.o
                0x0000000008006384                HAL_GPIO_Init
 .text.HAL_GPIO_DeInit
                0x00000000080066d8      0x214 Drivers/STM32F7xx_HAL_Driver/Src/stm32f7xx_hal_gpio.o
                0x00000000080066d8                HAL_GPIO_DeInit
 .text.HAL_GPIO_ReadPin
                0x00000000080068ec       0x30 Drivers/STM32F7xx_HAL_Driver/Src/stm32f7xx_hal_gpio.o
                0x00000000080068ec                HAL_GPIO_ReadPin
 .text.HAL_GPIO_WritePin
                0x000000000800691c       0x32 Drivers/STM32F7xx_HAL_Driver/Src/stm32f7xx_hal_gpio.o
                0x000000000800691c                HAL_GPIO_WritePin
 *fill*         0x000000000800694e        0x2 
 .text.HAL_I2C_Init
                0x0000000008006950      0x120 Drivers/STM32F7xx_HAL_Driver/Src/stm32f7xx_hal_i2c.o
                0x0000000008006950                HAL_I2C_Init
 .text.HAL_I2C_DeInit
                0x0000000008006a70       0x5e Drivers/STM32F7xx_HAL_Driver/Src/stm32f7xx_hal_i2c.o
                0x0000000008006a70                HAL_I2C_DeInit
 *fill*         0x0000000008006ace        0x2 
 .text.HAL_I2C_Mem_Write
                0x0000000008006ad0      0x228 Drivers/STM32F7xx_HAL_Driver/Src/stm32f7xx_hal_i2c.o
                0x0000000008006ad0                HAL_I2C_Mem_Write
 .text.HAL_I2C_Mem_Read
                0x0000000008006cf8      0x234 Drivers/STM32F7xx_HAL_Driver/Src/stm32f7xx_hal_i2c.o
                0x0000000008006cf8                HAL_I2C_Mem_Read
 .text.HAL_I2C_GetState
                0x0000000008006f2c       0x1c Drivers/STM32F7xx_HAL_Driver/Src/stm32f7xx_hal_i2c.o
                0x0000000008006f2c                HAL_I2C_GetState
 .text.I2C_RequestMemoryWrite
                0x0000000008006f48       0xa8 Drivers/STM32F7xx_HAL_Driver/Src/stm32f7xx_hal_i2c.o
 .text.I2C_RequestMemoryRead
                0x0000000008006ff0       0xa8 Drivers/STM32F7xx_HAL_Driver/Src/stm32f7xx_hal_i2c.o
 .text.I2C_Flush_TXDR
                0x0000000008007098       0x48 Drivers/STM32F7xx_HAL_Driver/Src/stm32f7xx_hal_i2c.o
 .text.I2C_WaitOnFlagUntilTimeout
                0x00000000080070e0       0x80 Drivers/STM32F7xx_HAL_Driver/Src/stm32f7xx_hal_i2c.o
 .text.I2C_WaitOnTXISFlagUntilTimeout
                0x0000000008007160       0x80 Drivers/STM32F7xx_HAL_Driver/Src/stm32f7xx_hal_i2c.o
 .text.I2C_WaitOnSTOPFlagUntilTimeout
                0x00000000080071e0       0x78 Drivers/STM32F7xx_HAL_Driver/Src/stm32f7xx_hal_i2c.o
 .text.I2C_IsAcknowledgeFailed
                0x0000000008007258       0xcc Drivers/STM32F7xx_HAL_Driver/Src/stm32f7xx_hal_i2c.o
 .text.I2C_TransferConfig
                0x0000000008007324       0x5c Drivers/STM32F7xx_HAL_Driver/Src/stm32f7xx_hal_i2c.o
 .text.HAL_I2CEx_ConfigAnalogFilter
                0x0000000008007380       0x96 Drivers/STM32F7xx_HAL_Driver/Src/stm32f7xx_hal_i2c_ex.o
                0x0000000008007380                HAL_I2CEx_ConfigAnalogFilter
 .text.HAL_I2CEx_ConfigDigitalFilter
                0x0000000008007416       0x98 Drivers/STM32F7xx_HAL_Driver/Src/stm32f7xx_hal_i2c_ex.o
                0x0000000008007416                HAL_I2CEx_ConfigDigitalFilter
 *fill*         0x00000000080074ae        0x2 
 .text.HAL_LTDC_Init
                0x00000000080074b0      0x1a0 Drivers/STM32F7xx_HAL_Driver/Src/stm32f7xx_hal_ltdc.o
                0x00000000080074b0                HAL_LTDC_Init
 .text.HAL_LTDC_IRQHandler
                0x0000000008007650      0x148 Drivers/STM32F7xx_HAL_Driver/Src/stm32f7xx_hal_ltdc.o
                0x0000000008007650                HAL_LTDC_IRQHandler
 .text.HAL_LTDC_ErrorCallback
                0x0000000008007798       0x14 Drivers/STM32F7xx_HAL_Driver/Src/stm32f7xx_hal_ltdc.o
                0x0000000008007798                HAL_LTDC_ErrorCallback
 .text.HAL_LTDC_LineEventCallback
                0x00000000080077ac       0x14 Drivers/STM32F7xx_HAL_Driver/Src/stm32f7xx_hal_ltdc.o
                0x00000000080077ac                HAL_LTDC_LineEventCallback
 .text.HAL_LTDC_ReloadEventCallback
                0x00000000080077c0       0x14 Drivers/STM32F7xx_HAL_Driver/Src/stm32f7xx_hal_ltdc.o
                0x00000000080077c0                HAL_LTDC_ReloadEventCallback
 .text.HAL_LTDC_ConfigLayer
                0x00000000080077d4       0x7c Drivers/STM32F7xx_HAL_Driver/Src/stm32f7xx_hal_ltdc.o
                0x00000000080077d4                HAL_LTDC_ConfigLayer
 .text.HAL_LTDC_GetState
                0x0000000008007850       0x1c Drivers/STM32F7xx_HAL_Driver/Src/stm32f7xx_hal_ltdc.o
                0x0000000008007850                HAL_LTDC_GetState
 .text.LTDC_SetConfig
                0x000000000800786c      0x334 Drivers/STM32F7xx_HAL_Driver/Src/stm32f7xx_hal_ltdc.o
 .text.HAL_PWR_EnableBkUpAccess
                0x0000000008007ba0       0x20 Drivers/STM32F7xx_HAL_Driver/Src/stm32f7xx_hal_pwr.o
                0x0000000008007ba0                HAL_PWR_EnableBkUpAccess
 .text.HAL_PWREx_EnableOverDrive
                0x0000000008007bc0       0xa0 Drivers/STM32F7xx_HAL_Driver/Src/stm32f7xx_hal_pwr_ex.o
                0x0000000008007bc0                HAL_PWREx_EnableOverDrive
 .text.HAL_RCC_OscConfig
                0x0000000008007c60      0x548 Drivers/STM32F7xx_HAL_Driver/Src/stm32f7xx_hal_rcc.o
                0x0000000008007c60                HAL_RCC_OscConfig
 .text.HAL_RCC_ClockConfig
                0x00000000080081a8      0x1d8 Drivers/STM32F7xx_HAL_Driver/Src/stm32f7xx_hal_rcc.o
                0x00000000080081a8                HAL_RCC_ClockConfig
 .text.HAL_RCC_GetSysClockFreq
                0x0000000008008380      0x164 Drivers/STM32F7xx_HAL_Driver/Src/stm32f7xx_hal_rcc.o
                0x0000000008008380                HAL_RCC_GetSysClockFreq
 .text.HAL_RCC_GetHCLKFreq
                0x00000000080084e4       0x18 Drivers/STM32F7xx_HAL_Driver/Src/stm32f7xx_hal_rcc.o
                0x00000000080084e4                HAL_RCC_GetHCLKFreq
 .text.HAL_RCC_GetPCLK1Freq
                0x00000000080084fc       0x28 Drivers/STM32F7xx_HAL_Driver/Src/stm32f7xx_hal_rcc.o
                0x00000000080084fc                HAL_RCC_GetPCLK1Freq
 .text.HAL_RCC_GetPCLK2Freq
                0x0000000008008524       0x28 Drivers/STM32F7xx_HAL_Driver/Src/stm32f7xx_hal_rcc.o
                0x0000000008008524                HAL_RCC_GetPCLK2Freq
 .text.HAL_RCC_GetClockConfig
                0x000000000800854c       0x64 Drivers/STM32F7xx_HAL_Driver/Src/stm32f7xx_hal_rcc.o
                0x000000000800854c                HAL_RCC_GetClockConfig
 .text.HAL_RCCEx_PeriphCLKConfig
                0x00000000080085b0      0x7dc Drivers/STM32F7xx_HAL_Driver/Src/stm32f7xx_hal_rcc_ex.o
                0x00000000080085b0                HAL_RCCEx_PeriphCLKConfig
 .text.HAL_RNG_Init
                0x0000000008008d8c       0x54 Drivers/STM32F7xx_HAL_Driver/Src/stm32f7xx_hal_rng.o
                0x0000000008008d8c                HAL_RNG_Init
 .text.HAL_RNG_GenerateRandomNumber
                0x0000000008008de0       0x9e Drivers/STM32F7xx_HAL_Driver/Src/stm32f7xx_hal_rng.o
                0x0000000008008de0                HAL_RNG_GenerateRandomNumber
 *fill*         0x0000000008008e7e        0x2 
 .text.HAL_RTC_Init
                0x0000000008008e80       0xf8 Drivers/STM32F7xx_HAL_Driver/Src/stm32f7xx_hal_rtc.o
                0x0000000008008e80                HAL_RTC_Init
 .text.HAL_RTC_SetTime
                0x0000000008008f78      0x17c Drivers/STM32F7xx_HAL_Driver/Src/stm32f7xx_hal_rtc.o
                0x0000000008008f78                HAL_RTC_SetTime
 .text.HAL_RTC_SetDate
                0x00000000080090f4      0x150 Drivers/STM32F7xx_HAL_Driver/Src/stm32f7xx_hal_rtc.o
                0x00000000080090f4                HAL_RTC_SetDate
 .text.HAL_RTC_SetAlarm
                0x0000000008009244      0x230 Drivers/STM32F7xx_HAL_Driver/Src/stm32f7xx_hal_rtc.o
                0x0000000008009244                HAL_RTC_SetAlarm
 .text.HAL_RTC_WaitForSynchro
                0x0000000008009474       0x50 Drivers/STM32F7xx_HAL_Driver/Src/stm32f7xx_hal_rtc.o
                0x0000000008009474                HAL_RTC_WaitForSynchro
 .text.RTC_EnterInitMode
                0x00000000080094c4       0x58 Drivers/STM32F7xx_HAL_Driver/Src/stm32f7xx_hal_rtc.o
                0x00000000080094c4                RTC_EnterInitMode
 .text.RTC_ByteToBcd2
                0x000000000800951c       0x3c Drivers/STM32F7xx_HAL_Driver/Src/stm32f7xx_hal_rtc.o
                0x000000000800951c                RTC_ByteToBcd2
 .text.HAL_RTCEx_SetTimeStamp
                0x0000000008009558       0xac Drivers/STM32F7xx_HAL_Driver/Src/stm32f7xx_hal_rtc_ex.o
                0x0000000008009558                HAL_RTCEx_SetTimeStamp
 .text.HAL_SDRAM_Init
                0x0000000008009604       0x68 Drivers/STM32F7xx_HAL_Driver/Src/stm32f7xx_hal_sdram.o
                0x0000000008009604                HAL_SDRAM_Init
 .text.HAL_SDRAM_SendCommand
                0x000000000800966c       0x56 Drivers/STM32F7xx_HAL_Driver/Src/stm32f7xx_hal_sdram.o
                0x000000000800966c                HAL_SDRAM_SendCommand
 .text.HAL_SDRAM_ProgramRefreshRate
                0x00000000080096c2       0x40 Drivers/STM32F7xx_HAL_Driver/Src/stm32f7xx_hal_sdram.o
                0x00000000080096c2                HAL_SDRAM_ProgramRefreshRate
 .text.HAL_SPI_Init
                0x0000000008009702      0x124 Drivers/STM32F7xx_HAL_Driver/Src/stm32f7xx_hal_spi.o
                0x0000000008009702                HAL_SPI_Init
 .text.HAL_TIM_Base_Init
                0x0000000008009826       0x56 Drivers/STM32F7xx_HAL_Driver/Src/stm32f7xx_hal_tim.o
                0x0000000008009826                HAL_TIM_Base_Init
 .text.HAL_TIM_Base_Start_IT
                0x000000000800987c       0x54 Drivers/STM32F7xx_HAL_Driver/Src/stm32f7xx_hal_tim.o
                0x000000000800987c                HAL_TIM_Base_Start_IT
 .text.HAL_TIM_PWM_Init
                0x00000000080098d0       0x56 Drivers/STM32F7xx_HAL_Driver/Src/stm32f7xx_hal_tim.o
                0x00000000080098d0                HAL_TIM_PWM_Init
 .text.HAL_TIM_PWM_MspInit
                0x0000000008009926       0x14 Drivers/STM32F7xx_HAL_Driver/Src/stm32f7xx_hal_tim.o
                0x0000000008009926                HAL_TIM_PWM_MspInit
 .text.HAL_TIM_IRQHandler
                0x000000000800993a      0x23e Drivers/STM32F7xx_HAL_Driver/Src/stm32f7xx_hal_tim.o
                0x000000000800993a                HAL_TIM_IRQHandler
 .text.HAL_TIM_PWM_ConfigChannel
                0x0000000008009b78      0x230 Drivers/STM32F7xx_HAL_Driver/Src/stm32f7xx_hal_tim.o
                0x0000000008009b78                HAL_TIM_PWM_ConfigChannel
 .text.HAL_TIM_ConfigClockSource
                0x0000000008009da8      0x174 Drivers/STM32F7xx_HAL_Driver/Src/stm32f7xx_hal_tim.o
                0x0000000008009da8                HAL_TIM_ConfigClockSource
 .text.HAL_TIM_SlaveConfigSynchro
                0x0000000008009f1c       0x84 Drivers/STM32F7xx_HAL_Driver/Src/stm32f7xx_hal_tim.o
                0x0000000008009f1c                HAL_TIM_SlaveConfigSynchro
 .text.HAL_TIM_OC_DelayElapsedCallback
                0x0000000008009fa0       0x14 Drivers/STM32F7xx_HAL_Driver/Src/stm32f7xx_hal_tim.o
                0x0000000008009fa0                HAL_TIM_OC_DelayElapsedCallback
 .text.HAL_TIM_IC_CaptureCallback
                0x0000000008009fb4       0x14 Drivers/STM32F7xx_HAL_Driver/Src/stm32f7xx_hal_tim.o
                0x0000000008009fb4                HAL_TIM_IC_CaptureCallback
 .text.HAL_TIM_PWM_PulseFinishedCallback
                0x0000000008009fc8       0x14 Drivers/STM32F7xx_HAL_Driver/Src/stm32f7xx_hal_tim.o
                0x0000000008009fc8                HAL_TIM_PWM_PulseFinishedCallback
 .text.HAL_TIM_TriggerCallback
                0x0000000008009fdc       0x14 Drivers/STM32F7xx_HAL_Driver/Src/stm32f7xx_hal_tim.o
                0x0000000008009fdc                HAL_TIM_TriggerCallback
 .text.TIM_Base_SetConfig
                0x0000000008009ff0      0x140 Drivers/STM32F7xx_HAL_Driver/Src/stm32f7xx_hal_tim.o
                0x0000000008009ff0                TIM_Base_SetConfig
 .text.TIM_OC1_SetConfig
                0x000000000800a130       0xe4 Drivers/STM32F7xx_HAL_Driver/Src/stm32f7xx_hal_tim.o
 .text.TIM_OC2_SetConfig
                0x000000000800a214       0xf0 Drivers/STM32F7xx_HAL_Driver/Src/stm32f7xx_hal_tim.o
                0x000000000800a214                TIM_OC2_SetConfig
 .text.TIM_OC3_SetConfig
                0x000000000800a304       0xec Drivers/STM32F7xx_HAL_Driver/Src/stm32f7xx_hal_tim.o
 .text.TIM_OC4_SetConfig
                0x000000000800a3f0       0xb0 Drivers/STM32F7xx_HAL_Driver/Src/stm32f7xx_hal_tim.o
 .text.TIM_OC5_SetConfig
                0x000000000800a4a0       0xa4 Drivers/STM32F7xx_HAL_Driver/Src/stm32f7xx_hal_tim.o
 .text.TIM_OC6_SetConfig
                0x000000000800a544       0xa8 Drivers/STM32F7xx_HAL_Driver/Src/stm32f7xx_hal_tim.o
 .text.TIM_SlaveTimer_SetConfig
                0x000000000800a5ec      0x110 Drivers/STM32F7xx_HAL_Driver/Src/stm32f7xx_hal_tim.o
 .text.TIM_TI1_ConfigInputStage
                0x000000000800a6fc       0x5e Drivers/STM32F7xx_HAL_Driver/Src/stm32f7xx_hal_tim.o
 .text.TIM_TI2_ConfigInputStage
                0x000000000800a75a       0x60 Drivers/STM32F7xx_HAL_Driver/Src/stm32f7xx_hal_tim.o
 .text.TIM_ITRx_SetConfig
                0x000000000800a7ba       0x36 Drivers/STM32F7xx_HAL_Driver/Src/stm32f7xx_hal_tim.o
 .text.TIM_ETR_SetConfig
                0x000000000800a7f0       0x40 Drivers/STM32F7xx_HAL_Driver/Src/stm32f7xx_hal_tim.o
                0x000000000800a7f0                TIM_ETR_SetConfig
 .text.HAL_TIMEx_MasterConfigSynchronization
                0x000000000800a830      0x11c Drivers/STM32F7xx_HAL_Driver/Src/stm32f7xx_hal_tim_ex.o
                0x000000000800a830                HAL_TIMEx_MasterConfigSynchronization
 .text.HAL_TIMEx_ConfigBreakDeadTime
                0x000000000800a94c       0xfc Drivers/STM32F7xx_HAL_Driver/Src/stm32f7xx_hal_tim_ex.o
                0x000000000800a94c                HAL_TIMEx_ConfigBreakDeadTime
 .text.HAL_TIMEx_CommutCallback
                0x000000000800aa48       0x14 Drivers/STM32F7xx_HAL_Driver/Src/stm32f7xx_hal_tim_ex.o
                0x000000000800aa48                HAL_TIMEx_CommutCallback
 .text.HAL_TIMEx_BreakCallback
                0x000000000800aa5c       0x14 Drivers/STM32F7xx_HAL_Driver/Src/stm32f7xx_hal_tim_ex.o
                0x000000000800aa5c                HAL_TIMEx_BreakCallback
 .text.HAL_TIMEx_Break2Callback
                0x000000000800aa70       0x14 Drivers/STM32F7xx_HAL_Driver/Src/stm32f7xx_hal_tim_ex.o
                0x000000000800aa70                HAL_TIMEx_Break2Callback
 .text.HAL_UART_Init
                0x000000000800aa84       0x9c Drivers/STM32F7xx_HAL_Driver/Src/stm32f7xx_hal_uart.o
                0x000000000800aa84                HAL_UART_Init
 .text.HAL_UART_IRQHandler
                0x000000000800ab20      0x264 Drivers/STM32F7xx_HAL_Driver/Src/stm32f7xx_hal_uart.o
                0x000000000800ab20                HAL_UART_IRQHandler
 .text.HAL_UART_TxCpltCallback
                0x000000000800ad84       0x14 Drivers/STM32F7xx_HAL_Driver/Src/stm32f7xx_hal_uart.o
                0x000000000800ad84                HAL_UART_TxCpltCallback
 .text.HAL_UART_ErrorCallback
                0x000000000800ad98       0x14 Drivers/STM32F7xx_HAL_Driver/Src/stm32f7xx_hal_uart.o
                0x000000000800ad98                HAL_UART_ErrorCallback
 .text.UART_SetConfig
                0x000000000800adac      0x554 Drivers/STM32F7xx_HAL_Driver/Src/stm32f7xx_hal_uart.o
                0x000000000800adac                UART_SetConfig
 .text.UART_AdvFeatureConfig
                0x000000000800b300      0x144 Drivers/STM32F7xx_HAL_Driver/Src/stm32f7xx_hal_uart.o
                0x000000000800b300                UART_AdvFeatureConfig
 .text.UART_CheckIdleState
                0x000000000800b444       0x5e Drivers/STM32F7xx_HAL_Driver/Src/stm32f7xx_hal_uart.o
                0x000000000800b444                UART_CheckIdleState
 .text.UART_WaitOnFlagUntilTimeout
                0x000000000800b4a2       0xf6 Drivers/STM32F7xx_HAL_Driver/Src/stm32f7xx_hal_uart.o
                0x000000000800b4a2                UART_WaitOnFlagUntilTimeout
 .text.UART_EndRxTransfer
                0x000000000800b598       0x40 Drivers/STM32F7xx_HAL_Driver/Src/stm32f7xx_hal_uart.o
 .text.UART_DMAAbortOnError
                0x000000000800b5d8       0x2c Drivers/STM32F7xx_HAL_Driver/Src/stm32f7xx_hal_uart.o
 .text.UART_EndTransmit_IT
                0x000000000800b604       0x32 Drivers/STM32F7xx_HAL_Driver/Src/stm32f7xx_hal_uart.o
 *fill*         0x000000000800b636        0x2 
 .text.FMC_SDRAM_Init
                0x000000000800b638       0xe4 Drivers/STM32F7xx_HAL_Driver/Src/stm32f7xx_ll_fmc.o
                0x000000000800b638                FMC_SDRAM_Init
 .text.FMC_SDRAM_Timing_Init
                0x000000000800b71c      0x100 Drivers/STM32F7xx_HAL_Driver/Src/stm32f7xx_ll_fmc.o
                0x000000000800b71c                FMC_SDRAM_Timing_Init
 .text.FMC_SDRAM_SendCommand
                0x000000000800b81c       0x42 Drivers/STM32F7xx_HAL_Driver/Src/stm32f7xx_ll_fmc.o
                0x000000000800b81c                FMC_SDRAM_SendCommand
 .text.FMC_SDRAM_ProgramRefreshRate
                0x000000000800b85e       0x26 Drivers/STM32F7xx_HAL_Driver/Src/stm32f7xx_ll_fmc.o
                0x000000000800b85e                FMC_SDRAM_ProgramRefreshRate
 .text.makeFreeRtosPriority
                0x000000000800b884       0x30 Middlewares/Third_Party/FreeRTOS/Source/CMSIS_RTOS/cmsis_os.o
 .text.osKernelStart
                0x000000000800b8b4        0xe Middlewares/Third_Party/FreeRTOS/Source/CMSIS_RTOS/cmsis_os.o
                0x000000000800b8b4                osKernelStart
 .text.osThreadCreate
                0x000000000800b8c2       0x98 Middlewares/Third_Party/FreeRTOS/Source/CMSIS_RTOS/cmsis_os.o
                0x000000000800b8c2                osThreadCreate
 .text.osDelay  0x000000000800b95a       0x28 Middlewares/Third_Party/FreeRTOS/Source/CMSIS_RTOS/cmsis_os.o
                0x000000000800b95a                osDelay
 .text.osMutexCreate
                0x000000000800b982       0x30 Middlewares/Third_Party/FreeRTOS/Source/CMSIS_RTOS/cmsis_os.o
                0x000000000800b982                osMutexCreate
 .text.vListInitialise
                0x000000000800b9b2       0x40 Middlewares/Third_Party/FreeRTOS/Source/list.o
                0x000000000800b9b2                vListInitialise
 .text.vListInitialiseItem
                0x000000000800b9f2       0x1a Middlewares/Third_Party/FreeRTOS/Source/list.o
                0x000000000800b9f2                vListInitialiseItem
 .text.vListInsertEnd
                0x000000000800ba0c       0x48 Middlewares/Third_Party/FreeRTOS/Source/list.o
                0x000000000800ba0c                vListInsertEnd
 .text.vListInsert
                0x000000000800ba54       0x72 Middlewares/Third_Party/FreeRTOS/Source/list.o
                0x000000000800ba54                vListInsert
 .text.uxListRemove
                0x000000000800bac6       0x54 Middlewares/Third_Party/FreeRTOS/Source/list.o
                0x000000000800bac6                uxListRemove
 *fill*         0x000000000800bb1a        0x2 
 .text.xQueueGenericReset
                0x000000000800bb1c       0xd4 Middlewares/Third_Party/FreeRTOS/Source/queue.o
                0x000000000800bb1c                xQueueGenericReset
 .text.xQueueGenericCreateStatic
                0x000000000800bbf0       0xfa Middlewares/Third_Party/FreeRTOS/Source/queue.o
                0x000000000800bbf0                xQueueGenericCreateStatic
 .text.xQueueGenericCreate
                0x000000000800bcea       0x82 Middlewares/Third_Party/FreeRTOS/Source/queue.o
                0x000000000800bcea                xQueueGenericCreate
 .text.prvInitialiseNewQueue
                0x000000000800bd6c       0x3e Middlewares/Third_Party/FreeRTOS/Source/queue.o
 .text.prvInitialiseMutex
                0x000000000800bdaa       0x34 Middlewares/Third_Party/FreeRTOS/Source/queue.o
 .text.xQueueCreateMutex
                0x000000000800bdde       0x30 Middlewares/Third_Party/FreeRTOS/Source/queue.o
                0x000000000800bdde                xQueueCreateMutex
 .text.xQueueCreateMutexStatic
                0x000000000800be0e       0x36 Middlewares/Third_Party/FreeRTOS/Source/queue.o
                0x000000000800be0e                xQueueCreateMutexStatic
 .text.xQueueGenericSend
                0x000000000800be44      0x204 Middlewares/Third_Party/FreeRTOS/Source/queue.o
                0x000000000800be44                xQueueGenericSend
 .text.xQueueSemaphoreTake
                0x000000000800c048      0x220 Middlewares/Third_Party/FreeRTOS/Source/queue.o
                0x000000000800c048                xQueueSemaphoreTake
 .text.prvGetDisinheritPriorityAfterTimeout
                0x000000000800c268       0x30 Middlewares/Third_Party/FreeRTOS/Source/queue.o
 .text.prvCopyDataToQueue
                0x000000000800c298       0xd4 Middlewares/Third_Party/FreeRTOS/Source/queue.o
 .text.prvUnlockQueue
                0x000000000800c36c       0xa4 Middlewares/Third_Party/FreeRTOS/Source/queue.o
 .text.prvIsQueueEmpty
                0x000000000800c410       0x2c Middlewares/Third_Party/FreeRTOS/Source/queue.o
 .text.prvIsQueueFull
                0x000000000800c43c       0x30 Middlewares/Third_Party/FreeRTOS/Source/queue.o
 .text.xTaskCreateStatic
                0x000000000800c46c       0xc0 Middlewares/Third_Party/FreeRTOS/Source/tasks.o
                0x000000000800c46c                xTaskCreateStatic
 .text.xTaskCreate
                0x000000000800c52c       0x8a Middlewares/Third_Party/FreeRTOS/Source/tasks.o
                0x000000000800c52c                xTaskCreate
 .text.prvInitialiseNewTask
                0x000000000800c5b6      0x126 Middlewares/Third_Party/FreeRTOS/Source/tasks.o
 .text.prvAddNewTaskToReadyList
                0x000000000800c6dc       0xd4 Middlewares/Third_Party/FreeRTOS/Source/tasks.o
 .text.vTaskDelay
                0x000000000800c7b0       0x6c Middlewares/Third_Party/FreeRTOS/Source/tasks.o
                0x000000000800c7b0                vTaskDelay
 .text.prvTaskIsTaskSuspended
                0x000000000800c81c       0x64 Middlewares/Third_Party/FreeRTOS/Source/tasks.o
 .text.vTaskResume
                0x000000000800c880       0xbc Middlewares/Third_Party/FreeRTOS/Source/tasks.o
                0x000000000800c880                vTaskResume
 .text.vTaskStartScheduler
                0x000000000800c93c       0xc4 Middlewares/Third_Party/FreeRTOS/Source/tasks.o
                0x000000000800c93c                vTaskStartScheduler
 .text.vTaskSuspendAll
                0x000000000800ca00       0x1c Middlewares/Third_Party/FreeRTOS/Source/tasks.o
                0x000000000800ca00                vTaskSuspendAll
 .text.xTaskResumeAll
                0x000000000800ca1c      0x13c Middlewares/Third_Party/FreeRTOS/Source/tasks.o
                0x000000000800ca1c                xTaskResumeAll
 .text.xTaskIncrementTick
                0x000000000800cb58      0x174 Middlewares/Third_Party/FreeRTOS/Source/tasks.o
                0x000000000800cb58                xTaskIncrementTick
 .text.vTaskSwitchContext
                0x000000000800cccc      0x104 Middlewares/Third_Party/FreeRTOS/Source/tasks.o
                0x000000000800cccc                vTaskSwitchContext
 .text.vTaskPlaceOnEventList
                0x000000000800cdd0       0x4c Middlewares/Third_Party/FreeRTOS/Source/tasks.o
                0x000000000800cdd0                vTaskPlaceOnEventList
 .text.xTaskRemoveFromEventList
                0x000000000800ce1c       0xc8 Middlewares/Third_Party/FreeRTOS/Source/tasks.o
                0x000000000800ce1c                xTaskRemoveFromEventList
 .text.vTaskInternalSetTimeOutState
                0x000000000800cee4       0x2c Middlewares/Third_Party/FreeRTOS/Source/tasks.o
                0x000000000800cee4                vTaskInternalSetTimeOutState
 .text.xTaskCheckForTimeOut
                0x000000000800cf10       0xc8 Middlewares/Third_Party/FreeRTOS/Source/tasks.o
                0x000000000800cf10                xTaskCheckForTimeOut
 .text.vTaskMissedYield
                0x000000000800cfd8       0x18 Middlewares/Third_Party/FreeRTOS/Source/tasks.o
                0x000000000800cfd8                vTaskMissedYield
 .text.prvIdleTask
                0x000000000800cff0       0x34 Middlewares/Third_Party/FreeRTOS/Source/tasks.o
 .text.prvInitialiseTaskLists
                0x000000000800d024       0x80 Middlewares/Third_Party/FreeRTOS/Source/tasks.o
 .text.prvCheckTasksWaitingTermination
                0x000000000800d0a4       0x58 Middlewares/Third_Party/FreeRTOS/Source/tasks.o
 .text.prvDeleteTCB
                0x000000000800d0fc       0x60 Middlewares/Third_Party/FreeRTOS/Source/tasks.o
 .text.prvResetNextTaskUnblockTime
                0x000000000800d15c       0x40 Middlewares/Third_Party/FreeRTOS/Source/tasks.o
 .text.xTaskGetSchedulerState
                0x000000000800d19c       0x3c Middlewares/Third_Party/FreeRTOS/Source/tasks.o
                0x000000000800d19c                xTaskGetSchedulerState
 .text.xTaskPriorityInherit
                0x000000000800d1d8      0x100 Middlewares/Third_Party/FreeRTOS/Source/tasks.o
                0x000000000800d1d8                xTaskPriorityInherit
 .text.xTaskPriorityDisinherit
                0x000000000800d2d8      0x110 Middlewares/Third_Party/FreeRTOS/Source/tasks.o
                0x000000000800d2d8                xTaskPriorityDisinherit
 .text.vTaskPriorityDisinheritAfterTimeout
                0x000000000800d3e8      0x138 Middlewares/Third_Party/FreeRTOS/Source/tasks.o
                0x000000000800d3e8                vTaskPriorityDisinheritAfterTimeout
 .text.pvTaskIncrementMutexHeldCount
                0x000000000800d520       0x28 Middlewares/Third_Party/FreeRTOS/Source/tasks.o
                0x000000000800d520                pvTaskIncrementMutexHeldCount
 .text.prvAddCurrentTaskToDelayedList
                0x000000000800d548       0xcc Middlewares/Third_Party/FreeRTOS/Source/tasks.o
 .text.pxPortInitialiseStack
                0x000000000800d614       0x68 Middlewares/Third_Party/FreeRTOS/Source/portable/GCC/ARM_CM7/r0p1/port.o
                0x000000000800d614                pxPortInitialiseStack
 .text.prvTaskExitError
                0x000000000800d67c       0x5c Middlewares/Third_Party/FreeRTOS/Source/portable/GCC/ARM_CM7/r0p1/port.o
 *fill*         0x000000000800d6d8        0x8 
 .text.SVC_Handler
                0x000000000800d6e0       0x28 Middlewares/Third_Party/FreeRTOS/Source/portable/GCC/ARM_CM7/r0p1/port.o
                0x000000000800d6e0                SVC_Handler
 .text.prvPortStartFirstTask
                0x000000000800d708       0x28 Middlewares/Third_Party/FreeRTOS/Source/portable/GCC/ARM_CM7/r0p1/port.o
 .text.xPortStartScheduler
                0x000000000800d730       0xf8 Middlewares/Third_Party/FreeRTOS/Source/portable/GCC/ARM_CM7/r0p1/port.o
                0x000000000800d730                xPortStartScheduler
 .text.vPortEnterCritical
                0x000000000800d828       0x64 Middlewares/Third_Party/FreeRTOS/Source/portable/GCC/ARM_CM7/r0p1/port.o
                0x000000000800d828                vPortEnterCritical
 .text.vPortExitCritical
                0x000000000800d88c       0x54 Middlewares/Third_Party/FreeRTOS/Source/portable/GCC/ARM_CM7/r0p1/port.o
                0x000000000800d88c                vPortExitCritical
 .text.PendSV_Handler
                0x000000000800d8e0       0x68 Middlewares/Third_Party/FreeRTOS/Source/portable/GCC/ARM_CM7/r0p1/port.o
                0x000000000800d8e0                PendSV_Handler
 .text.SysTick_Handler
                0x000000000800d948       0x44 Middlewares/Third_Party/FreeRTOS/Source/portable/GCC/ARM_CM7/r0p1/port.o
                0x000000000800d948                SysTick_Handler
 .text.vPortSetupTimerInterrupt
                0x000000000800d98c       0x48 Middlewares/Third_Party/FreeRTOS/Source/portable/GCC/ARM_CM7/r0p1/port.o
                0x000000000800d98c                vPortSetupTimerInterrupt
 .text.vPortEnableVFP
                0x000000000800d9d4       0x14 Middlewares/Third_Party/FreeRTOS/Source/portable/GCC/ARM_CM7/r0p1/port.o
 .text.pvPortMalloc
                0x000000000800d9e8      0x198 Middlewares/Third_Party/FreeRTOS/Source/portable/MemMang/heap_4.o
                0x000000000800d9e8                pvPortMalloc
 .text.vPortFree
                0x000000000800db80       0xb8 Middlewares/Third_Party/FreeRTOS/Source/portable/MemMang/heap_4.o
                0x000000000800db80                vPortFree
 .text.prvHeapInit
                0x000000000800dc38       0xc4 Middlewares/Third_Party/FreeRTOS/Source/portable/MemMang/heap_4.o
 .text.prvInsertBlockIntoFreeList
                0x000000000800dcfc       0xb4 Middlewares/Third_Party/FreeRTOS/Source/portable/MemMang/heap_4.o
 .text.__errno  0x000000000800ddb0        0xc c:/st/stm32cubeide_1.5.1/stm32cubeide/plugins/com.st.stm32cube.ide.mcu.externaltools.gnu-tools-for-stm32.7-2018-q2-update.win32_1.5.0.202011040924/tools/bin/../lib/gcc/arm-none-eabi/7.3.1/../../../../arm-none-eabi/lib/thumb/v7e-m/fpv4-sp/hard\libc_nano.a(lib_a-errno.o)
                0x000000000800ddb0                __errno
 .text.__libc_init_array
                0x000000000800ddbc       0x48 c:/st/stm32cubeide_1.5.1/stm32cubeide/plugins/com.st.stm32cube.ide.mcu.externaltools.gnu-tools-for-stm32.7-2018-q2-update.win32_1.5.0.202011040924/tools/bin/../lib/gcc/arm-none-eabi/7.3.1/../../../../arm-none-eabi/lib/thumb/v7e-m/fpv4-sp/hard\libc_nano.a(lib_a-init.o)
                0x000000000800ddbc                __libc_init_array
 .text.memcpy   0x000000000800de04       0x16 c:/st/stm32cubeide_1.5.1/stm32cubeide/plugins/com.st.stm32cube.ide.mcu.externaltools.gnu-tools-for-stm32.7-2018-q2-update.win32_1.5.0.202011040924/tools/bin/../lib/gcc/arm-none-eabi/7.3.1/../../../../arm-none-eabi/lib/thumb/v7e-m/fpv4-sp/hard\libc_nano.a(lib_a-memcpy-stub.o)
                0x000000000800de04                memcpy
 .text.memset   0x000000000800de1a       0x10 c:/st/stm32cubeide_1.5.1/stm32cubeide/plugins/com.st.stm32cube.ide.mcu.externaltools.gnu-tools-for-stm32.7-2018-q2-update.win32_1.5.0.202011040924/tools/bin/../lib/gcc/arm-none-eabi/7.3.1/../../../../arm-none-eabi/lib/thumb/v7e-m/fpv4-sp/hard\libc_nano.a(lib_a-memset.o)
                0x000000000800de1a                memset
 *fill*         0x000000000800de2a        0x2 
 .text.sprintf  0x000000000800de2c       0x40 c:/st/stm32cubeide_1.5.1/stm32cubeide/plugins/com.st.stm32cube.ide.mcu.externaltools.gnu-tools-for-stm32.7-2018-q2-update.win32_1.5.0.202011040924/tools/bin/../lib/gcc/arm-none-eabi/7.3.1/../../../../arm-none-eabi/lib/thumb/v7e-m/fpv4-sp/hard\libc_nano.a(lib_a-sprintf.o)
                0x000000000800de2c                siprintf
                0x000000000800de2c                sprintf
 .text.__ssputs_r
                0x000000000800de6c       0xb4 c:/st/stm32cubeide_1.5.1/stm32cubeide/plugins/com.st.stm32cube.ide.mcu.externaltools.gnu-tools-for-stm32.7-2018-q2-update.win32_1.5.0.202011040924/tools/bin/../lib/gcc/arm-none-eabi/7.3.1/../../../../arm-none-eabi/lib/thumb/v7e-m/fpv4-sp/hard\libc_nano.a(lib_a-nano-svfprintf.o)
                0x000000000800de6c                __ssputs_r
 .text._svfprintf_r
                0x000000000800df20      0x1f0 c:/st/stm32cubeide_1.5.1/stm32cubeide/plugins/com.st.stm32cube.ide.mcu.externaltools.gnu-tools-for-stm32.7-2018-q2-update.win32_1.5.0.202011040924/tools/bin/../lib/gcc/arm-none-eabi/7.3.1/../../../../arm-none-eabi/lib/thumb/v7e-m/fpv4-sp/hard\libc_nano.a(lib_a-nano-svfprintf.o)
                0x000000000800df20                _svfiprintf_r
                0x000000000800df20                _svfprintf_r
 .text._printf_common
                0x000000000800e110       0xea c:/st/stm32cubeide_1.5.1/stm32cubeide/plugins/com.st.stm32cube.ide.mcu.externaltools.gnu-tools-for-stm32.7-2018-q2-update.win32_1.5.0.202011040924/tools/bin/../lib/gcc/arm-none-eabi/7.3.1/../../../../arm-none-eabi/lib/thumb/v7e-m/fpv4-sp/hard\libc_nano.a(lib_a-nano-vfprintf_i.o)
                0x000000000800e110                _printf_common
 *fill*         0x000000000800e1fa        0x2 
 .text._printf_i
                0x000000000800e1fc      0x224 c:/st/stm32cubeide_1.5.1/stm32cubeide/plugins/com.st.stm32cube.ide.mcu.externaltools.gnu-tools-for-stm32.7-2018-q2-update.win32_1.5.0.202011040924/tools/bin/../lib/gcc/arm-none-eabi/7.3.1/../../../../arm-none-eabi/lib/thumb/v7e-m/fpv4-sp/hard\libc_nano.a(lib_a-nano-vfprintf_i.o)
                0x000000000800e1fc                _printf_i
 .text.memmove  0x000000000800e420       0x32 c:/st/stm32cubeide_1.5.1/stm32cubeide/plugins/com.st.stm32cube.ide.mcu.externaltools.gnu-tools-for-stm32.7-2018-q2-update.win32_1.5.0.202011040924/tools/bin/../lib/gcc/arm-none-eabi/7.3.1/../../../../arm-none-eabi/lib/thumb/v7e-m/fpv4-sp/hard\libc_nano.a(lib_a-memmove.o)
                0x000000000800e420                memmove
 *fill*         0x000000000800e452        0x2 
 .text._free_r  0x000000000800e454       0x9c c:/st/stm32cubeide_1.5.1/stm32cubeide/plugins/com.st.stm32cube.ide.mcu.externaltools.gnu-tools-for-stm32.7-2018-q2-update.win32_1.5.0.202011040924/tools/bin/../lib/gcc/arm-none-eabi/7.3.1/../../../../arm-none-eabi/lib/thumb/v7e-m/fpv4-sp/hard\libc_nano.a(lib_a-nano-freer.o)
                0x000000000800e454                _free_r
 .text._malloc_r
                0x000000000800e4f0       0xb4 c:/st/stm32cubeide_1.5.1/stm32cubeide/plugins/com.st.stm32cube.ide.mcu.externaltools.gnu-tools-for-stm32.7-2018-q2-update.win32_1.5.0.202011040924/tools/bin/../lib/gcc/arm-none-eabi/7.3.1/../../../../arm-none-eabi/lib/thumb/v7e-m/fpv4-sp/hard\libc_nano.a(lib_a-nano-mallocr.o)
                0x000000000800e4f0                _malloc_r
 .text._realloc_r
                0x000000000800e5a4       0x4c c:/st/stm32cubeide_1.5.1/stm32cubeide/plugins/com.st.stm32cube.ide.mcu.externaltools.gnu-tools-for-stm32.7-2018-q2-update.win32_1.5.0.202011040924/tools/bin/../lib/gcc/arm-none-eabi/7.3.1/../../../../arm-none-eabi/lib/thumb/v7e-m/fpv4-sp/hard\libc_nano.a(lib_a-nano-reallocr.o)
                0x000000000800e5a4                _realloc_r
 .text._sbrk_r  0x000000000800e5f0       0x20 c:/st/stm32cubeide_1.5.1/stm32cubeide/plugins/com.st.stm32cube.ide.mcu.externaltools.gnu-tools-for-stm32.7-2018-q2-update.win32_1.5.0.202011040924/tools/bin/../lib/gcc/arm-none-eabi/7.3.1/../../../../arm-none-eabi/lib/thumb/v7e-m/fpv4-sp/hard\libc_nano.a(lib_a-sbrkr.o)
                0x000000000800e5f0                _sbrk_r
 .text.__malloc_lock
                0x000000000800e610        0x2 c:/st/stm32cubeide_1.5.1/stm32cubeide/plugins/com.st.stm32cube.ide.mcu.externaltools.gnu-tools-for-stm32.7-2018-q2-update.win32_1.5.0.202011040924/tools/bin/../lib/gcc/arm-none-eabi/7.3.1/../../../../arm-none-eabi/lib/thumb/v7e-m/fpv4-sp/hard\libc_nano.a(lib_a-mlock.o)
                0x000000000800e610                __malloc_lock
 .text.__malloc_unlock
                0x000000000800e612        0x2 c:/st/stm32cubeide_1.5.1/stm32cubeide/plugins/com.st.stm32cube.ide.mcu.externaltools.gnu-tools-for-stm32.7-2018-q2-update.win32_1.5.0.202011040924/tools/bin/../lib/gcc/arm-none-eabi/7.3.1/../../../../arm-none-eabi/lib/thumb/v7e-m/fpv4-sp/hard\libc_nano.a(lib_a-mlock.o)
                0x000000000800e612                __malloc_unlock
 .text._malloc_usable_size_r
                0x000000000800e614       0x10 c:/st/stm32cubeide_1.5.1/stm32cubeide/plugins/com.st.stm32cube.ide.mcu.externaltools.gnu-tools-for-stm32.7-2018-q2-update.win32_1.5.0.202011040924/tools/bin/../lib/gcc/arm-none-eabi/7.3.1/../../../../arm-none-eabi/lib/thumb/v7e-m/fpv4-sp/hard\libc_nano.a(lib_a-nano-msizer.o)
                0x000000000800e614                _malloc_usable_size_r
 *(.glue_7)
 .glue_7        0x000000000800e624        0x0 linker stubs
 *(.glue_7t)
 .glue_7t       0x000000000800e624        0x0 linker stubs
 *(.eh_frame)
 .eh_frame      0x000000000800e624        0x0 c:/st/stm32cubeide_1.5.1/stm32cubeide/plugins/com.st.stm32cube.ide.mcu.externaltools.gnu-tools-for-stm32.7-2018-q2-update.win32_1.5.0.202011040924/tools/bin/../lib/gcc/arm-none-eabi/7.3.1/thumb/v7e-m/fpv4-sp/hard/crtbegin.o
 *(.init)
 .init          0x000000000800e624        0x4 c:/st/stm32cubeide_1.5.1/stm32cubeide/plugins/com.st.stm32cube.ide.mcu.externaltools.gnu-tools-for-stm32.7-2018-q2-update.win32_1.5.0.202011040924/tools/bin/../lib/gcc/arm-none-eabi/7.3.1/thumb/v7e-m/fpv4-sp/hard/crti.o
                0x000000000800e624                _init
 .init          0x000000000800e628        0x8 c:/st/stm32cubeide_1.5.1/stm32cubeide/plugins/com.st.stm32cube.ide.mcu.externaltools.gnu-tools-for-stm32.7-2018-q2-update.win32_1.5.0.202011040924/tools/bin/../lib/gcc/arm-none-eabi/7.3.1/thumb/v7e-m/fpv4-sp/hard/crtn.o
 *(.fini)
 .fini          0x000000000800e630        0x4 c:/st/stm32cubeide_1.5.1/stm32cubeide/plugins/com.st.stm32cube.ide.mcu.externaltools.gnu-tools-for-stm32.7-2018-q2-update.win32_1.5.0.202011040924/tools/bin/../lib/gcc/arm-none-eabi/7.3.1/thumb/v7e-m/fpv4-sp/hard/crti.o
                0x000000000800e630                _fini
 .fini          0x000000000800e634        0x8 c:/st/stm32cubeide_1.5.1/stm32cubeide/plugins/com.st.stm32cube.ide.mcu.externaltools.gnu-tools-for-stm32.7-2018-q2-update.win32_1.5.0.202011040924/tools/bin/../lib/gcc/arm-none-eabi/7.3.1/thumb/v7e-m/fpv4-sp/hard/crtn.o
                0x000000000800e63c                . = ALIGN (0x4)
                0x000000000800e63c                _etext = .

.vfp11_veneer   0x000000000800e63c        0x0
 .vfp11_veneer  0x000000000800e63c        0x0 linker stubs

.v4_bx          0x000000000800e63c        0x0
 .v4_bx         0x000000000800e63c        0x0 linker stubs

.iplt           0x000000000800e63c        0x0
 .iplt          0x000000000800e63c        0x0 c:/st/stm32cubeide_1.5.1/stm32cubeide/plugins/com.st.stm32cube.ide.mcu.externaltools.gnu-tools-for-stm32.7-2018-q2-update.win32_1.5.0.202011040924/tools/bin/../lib/gcc/arm-none-eabi/7.3.1/thumb/v7e-m/fpv4-sp/hard/crtbegin.o

.rodata         0x000000000800e63c     0x20c4
                0x000000000800e63c                . = ALIGN (0x4)
 *(.rodata)
 .rodata        0x000000000800e63c      0x13c Core/Src/main.o
 .rodata        0x000000000800e778        0x5 Middlewares/Third_Party/FreeRTOS/Source/tasks.o
 *(.rodata*)
 *fill*         0x000000000800e77d        0x3 
 .rodata.Font24_Table
                0x000000000800e780     0x1ab8 Core/Src/stm32746g_discovery_lcd.o
                0x000000000800e780                Font24_Table
 .rodata.Font12_Table
                0x0000000008010238      0x474 Core/Src/stm32746g_discovery_lcd.o
                0x0000000008010238                Font12_Table
 .rodata.AHBPrescTable
                0x00000000080106ac       0x10 Core/Src/system_stm32f7xx.o
                0x00000000080106ac                AHBPrescTable
 .rodata.APBPrescTable
                0x00000000080106bc        0x8 Core/Src/system_stm32f7xx.o
                0x00000000080106bc                APBPrescTable
 .rodata.flagBitshiftOffset.9920
                0x00000000080106c4        0x8 Drivers/STM32F7xx_HAL_Driver/Src/stm32f7xx_hal_dma.o
 .rodata._svfprintf_r.str1.1
                0x00000000080106cc       0x11 c:/st/stm32cubeide_1.5.1/stm32cubeide/plugins/com.st.stm32cube.ide.mcu.externaltools.gnu-tools-for-stm32.7-2018-q2-update.win32_1.5.0.202011040924/tools/bin/../lib/gcc/arm-none-eabi/7.3.1/../../../../arm-none-eabi/lib/thumb/v7e-m/fpv4-sp/hard\libc_nano.a(lib_a-nano-svfprintf.o)
 .rodata._printf_i.str1.1
                0x00000000080106dd       0x22 c:/st/stm32cubeide_1.5.1/stm32cubeide/plugins/com.st.stm32cube.ide.mcu.externaltools.gnu-tools-for-stm32.7-2018-q2-update.win32_1.5.0.202011040924/tools/bin/../lib/gcc/arm-none-eabi/7.3.1/../../../../arm-none-eabi/lib/thumb/v7e-m/fpv4-sp/hard\libc_nano.a(lib_a-nano-vfprintf_i.o)
                0x0000000008010700                . = ALIGN (0x4)
 *fill*         0x00000000080106ff        0x1 

.ARM.extab      0x0000000008010700        0x0
                0x0000000008010700                . = ALIGN (0x4)
 *(.ARM.extab* .gnu.linkonce.armextab.*)
                0x0000000008010700                . = ALIGN (0x4)

.ARM            0x0000000008010700        0x8
                0x0000000008010700                . = ALIGN (0x4)
                0x0000000008010700                __exidx_start = .
 *(.ARM.exidx*)
 .ARM.exidx     0x0000000008010700        0x8 c:/st/stm32cubeide_1.5.1/stm32cubeide/plugins/com.st.stm32cube.ide.mcu.externaltools.gnu-tools-for-stm32.7-2018-q2-update.win32_1.5.0.202011040924/tools/bin/../lib/gcc/arm-none-eabi/7.3.1/thumb/v7e-m/fpv4-sp/hard\libgcc.a(_udivmoddi4.o)
                0x0000000008010708                __exidx_end = .
                0x0000000008010708                . = ALIGN (0x4)

.rel.dyn        0x0000000008010708        0x0
 .rel.iplt      0x0000000008010708        0x0 c:/st/stm32cubeide_1.5.1/stm32cubeide/plugins/com.st.stm32cube.ide.mcu.externaltools.gnu-tools-for-stm32.7-2018-q2-update.win32_1.5.0.202011040924/tools/bin/../lib/gcc/arm-none-eabi/7.3.1/thumb/v7e-m/fpv4-sp/hard/crtbegin.o

.preinit_array  0x0000000008010708        0x0
                0x0000000008010708                . = ALIGN (0x4)
                0x0000000008010708                PROVIDE (__preinit_array_start = .)
 *(.preinit_array*)
                0x0000000008010708                PROVIDE (__preinit_array_end = .)
                0x0000000008010708                . = ALIGN (0x4)

.init_array     0x0000000008010708        0x4
                0x0000000008010708                . = ALIGN (0x4)
                0x0000000008010708                PROVIDE (__init_array_start = .)
 *(SORT_BY_NAME(.init_array.*))
 *(.init_array*)
 .init_array    0x0000000008010708        0x4 c:/st/stm32cubeide_1.5.1/stm32cubeide/plugins/com.st.stm32cube.ide.mcu.externaltools.gnu-tools-for-stm32.7-2018-q2-update.win32_1.5.0.202011040924/tools/bin/../lib/gcc/arm-none-eabi/7.3.1/thumb/v7e-m/fpv4-sp/hard/crtbegin.o
                0x000000000801070c                PROVIDE (__init_array_end = .)
                0x000000000801070c                . = ALIGN (0x4)

.fini_array     0x000000000801070c        0x4
                0x000000000801070c                . = ALIGN (0x4)
                [!provide]                        PROVIDE (__fini_array_start = .)
 *(SORT_BY_NAME(.fini_array.*))
 *(.fini_array*)
 .fini_array    0x000000000801070c        0x4 c:/st/stm32cubeide_1.5.1/stm32cubeide/plugins/com.st.stm32cube.ide.mcu.externaltools.gnu-tools-for-stm32.7-2018-q2-update.win32_1.5.0.202011040924/tools/bin/../lib/gcc/arm-none-eabi/7.3.1/thumb/v7e-m/fpv4-sp/hard/crtbegin.o
                [!provide]                        PROVIDE (__fini_array_end = .)
                0x0000000008010710                . = ALIGN (0x4)
                0x0000000008010710                _sidata = LOADADDR (.data)

.data           0x0000000020000000       0xb0 load address 0x0000000008010710
                0x0000000020000000                . = ALIGN (0x4)
                0x0000000020000000                _sdata = .
 *(.data)
 *(.data*)
 .data.ft5336_ts_drv
                0x0000000020000000       0x28 Core/Src/ft5336.o
                0x0000000020000000                ft5336_ts_drv
 .data.Font24   0x0000000020000028        0x8 Core/Src/stm32746g_discovery_lcd.o
                0x0000000020000028                Font24
 .data.Font12   0x0000000020000030        0x8 Core/Src/stm32746g_discovery_lcd.o
                0x0000000020000030                Font12
 .data.sdramstatus.9836
                0x0000000020000038        0x1 Core/Src/stm32746g_discovery_sdram.o
 *fill*         0x0000000020000039        0x3 
 .data.SystemCoreClock
                0x000000002000003c        0x4 Core/Src/system_stm32f7xx.o
                0x000000002000003c                SystemCoreClock
 .data.uwTickPrio
                0x0000000020000040        0x4 Drivers/STM32F7xx_HAL_Driver/Src/stm32f7xx_hal.o
                0x0000000020000040                uwTickPrio
 .data.uwTickFreq
                0x0000000020000044        0x1 Drivers/STM32F7xx_HAL_Driver/Src/stm32f7xx_hal.o
                0x0000000020000044                uwTickFreq
 *fill*         0x0000000020000045        0x3 
 .data.uxCriticalNesting
                0x0000000020000048        0x4 Middlewares/Third_Party/FreeRTOS/Source/portable/GCC/ARM_CM7/r0p1/port.o
 .data._impure_ptr
                0x000000002000004c        0x4 c:/st/stm32cubeide_1.5.1/stm32cubeide/plugins/com.st.stm32cube.ide.mcu.externaltools.gnu-tools-for-stm32.7-2018-q2-update.win32_1.5.0.202011040924/tools/bin/../lib/gcc/arm-none-eabi/7.3.1/../../../../arm-none-eabi/lib/thumb/v7e-m/fpv4-sp/hard\libc_nano.a(lib_a-impure.o)
                0x000000002000004c                _impure_ptr
 .data.impure_data
                0x0000000020000050       0x60 c:/st/stm32cubeide_1.5.1/stm32cubeide/plugins/com.st.stm32cube.ide.mcu.externaltools.gnu-tools-for-stm32.7-2018-q2-update.win32_1.5.0.202011040924/tools/bin/../lib/gcc/arm-none-eabi/7.3.1/../../../../arm-none-eabi/lib/thumb/v7e-m/fpv4-sp/hard\libc_nano.a(lib_a-impure.o)
 *(.RamFunc)
 *(.RamFunc*)
                0x00000000200000b0                . = ALIGN (0x4)
                0x00000000200000b0                _edata = .

.igot.plt       0x00000000200000b0        0x0 load address 0x00000000080107c0
 .igot.plt      0x00000000200000b0        0x0 c:/st/stm32cubeide_1.5.1/stm32cubeide/plugins/com.st.stm32cube.ide.mcu.externaltools.gnu-tools-for-stm32.7-2018-q2-update.win32_1.5.0.202011040924/tools/bin/../lib/gcc/arm-none-eabi/7.3.1/thumb/v7e-m/fpv4-sp/hard/crtbegin.o
                0x00000000200000b0                . = ALIGN (0x4)

.bss            0x00000000200000b0     0x8d28 load address 0x00000000080107c0
                0x00000000200000b0                _sbss = .
                0x00000000200000b0                __bss_start__ = _sbss
 *(.bss)
 .bss           0x00000000200000b0       0x1c c:/st/stm32cubeide_1.5.1/stm32cubeide/plugins/com.st.stm32cube.ide.mcu.externaltools.gnu-tools-for-stm32.7-2018-q2-update.win32_1.5.0.202011040924/tools/bin/../lib/gcc/arm-none-eabi/7.3.1/thumb/v7e-m/fpv4-sp/hard/crtbegin.o
 *(.bss*)
 .bss.xIdleTaskTCBBuffer
                0x00000000200000cc       0x58 Core/Src/freertos.o
 .bss.xIdleStack
                0x0000000020000124      0x200 Core/Src/freertos.o
 .bss.ft5336_handle
                0x0000000020000324        0x3 Core/Src/ft5336.o
 *fill*         0x0000000020000327        0x1 
 .bss.coord.5529
                0x0000000020000328        0x2 Core/Src/ft5336.o
 .bss.mem.12123
                0x000000002000032a        0x1 Core/Src/main.o
 .bss.side.12122
                0x000000002000032b        0x1 Core/Src/main.o
 .bss.TS_State.12133
                0x000000002000032c       0x2c Core/Src/main.o
 .bss.hI2cAudioHandler
                0x0000000020000358       0x4c Core/Src/stm32746g_discovery.o
 .bss.hDma2dHandler
                0x00000000200003a4       0x40 Core/Src/stm32746g_discovery_lcd.o
 .bss.ActiveLayer
                0x00000000200003e4        0x4 Core/Src/stm32746g_discovery_lcd.o
 .bss.DrawProp  0x00000000200003e8       0x18 Core/Src/stm32746g_discovery_lcd.o
 .bss.periph_clk_init_struct.10423
                0x0000000020000400       0x84 Core/Src/stm32746g_discovery_lcd.o
 .bss.Timing    0x0000000020000484       0x1c Core/Src/stm32746g_discovery_sdram.o
 .bss.Command   0x00000000200004a0       0x10 Core/Src/stm32746g_discovery_sdram.o
 .bss.dma_handle.9872
                0x00000000200004b0       0x60 Core/Src/stm32746g_discovery_sdram.o
 .bss.tsDriver  0x0000000020000510        0x4 Core/Src/stm32746g_discovery_ts.o
 .bss.tsXBoundary
                0x0000000020000514        0x2 Core/Src/stm32746g_discovery_ts.o
 .bss.tsYBoundary
                0x0000000020000516        0x2 Core/Src/stm32746g_discovery_ts.o
 .bss.tsOrientation
                0x0000000020000518        0x1 Core/Src/stm32746g_discovery_ts.o
 .bss.I2cAddress
                0x0000000020000519        0x1 Core/Src/stm32746g_discovery_ts.o
 *fill*         0x000000002000051a        0x2 
 .bss._x.9988   0x000000002000051c       0x14 Core/Src/stm32746g_discovery_ts.o
 .bss._y.9989   0x0000000020000530       0x14 Core/Src/stm32746g_discovery_ts.o
 .bss.FMC_Initialized
                0x0000000020000544        0x4 Core/Src/stm32f7xx_hal_msp.o
 .bss.__sbrk_heap_end
                0x0000000020000548        0x4 Core/Src/sysmem.o
 .bss.pxCurrentTCB
                0x000000002000054c        0x4 Middlewares/Third_Party/FreeRTOS/Source/tasks.o
                0x000000002000054c                pxCurrentTCB
 .bss.pxReadyTasksLists
                0x0000000020000550       0x8c Middlewares/Third_Party/FreeRTOS/Source/tasks.o
 .bss.xDelayedTaskList1
                0x00000000200005dc       0x14 Middlewares/Third_Party/FreeRTOS/Source/tasks.o
 .bss.xDelayedTaskList2
                0x00000000200005f0       0x14 Middlewares/Third_Party/FreeRTOS/Source/tasks.o
 .bss.pxDelayedTaskList
                0x0000000020000604        0x4 Middlewares/Third_Party/FreeRTOS/Source/tasks.o
 .bss.pxOverflowDelayedTaskList
                0x0000000020000608        0x4 Middlewares/Third_Party/FreeRTOS/Source/tasks.o
 .bss.xPendingReadyList
                0x000000002000060c       0x14 Middlewares/Third_Party/FreeRTOS/Source/tasks.o
 .bss.xTasksWaitingTermination
                0x0000000020000620       0x14 Middlewares/Third_Party/FreeRTOS/Source/tasks.o
 .bss.uxDeletedTasksWaitingCleanUp
                0x0000000020000634        0x4 Middlewares/Third_Party/FreeRTOS/Source/tasks.o
 .bss.xSuspendedTaskList
                0x0000000020000638       0x14 Middlewares/Third_Party/FreeRTOS/Source/tasks.o
 .bss.uxCurrentNumberOfTasks
                0x000000002000064c        0x4 Middlewares/Third_Party/FreeRTOS/Source/tasks.o
 .bss.xTickCount
                0x0000000020000650        0x4 Middlewares/Third_Party/FreeRTOS/Source/tasks.o
 .bss.uxTopReadyPriority
                0x0000000020000654        0x4 Middlewares/Third_Party/FreeRTOS/Source/tasks.o
 .bss.xSchedulerRunning
                0x0000000020000658        0x4 Middlewares/Third_Party/FreeRTOS/Source/tasks.o
 .bss.uxPendedTicks
                0x000000002000065c        0x4 Middlewares/Third_Party/FreeRTOS/Source/tasks.o
 .bss.xYieldPending
                0x0000000020000660        0x4 Middlewares/Third_Party/FreeRTOS/Source/tasks.o
 .bss.xNumOfOverflows
                0x0000000020000664        0x4 Middlewares/Third_Party/FreeRTOS/Source/tasks.o
 .bss.uxTaskNumber
                0x0000000020000668        0x4 Middlewares/Third_Party/FreeRTOS/Source/tasks.o
 .bss.xNextTaskUnblockTime
                0x000000002000066c        0x4 Middlewares/Third_Party/FreeRTOS/Source/tasks.o
 .bss.xIdleTaskHandle
                0x0000000020000670        0x4 Middlewares/Third_Party/FreeRTOS/Source/tasks.o
 .bss.uxSchedulerSuspended
                0x0000000020000674        0x4 Middlewares/Third_Party/FreeRTOS/Source/tasks.o
 .bss.ucMaxSysCallPriority
                0x0000000020000678        0x1 Middlewares/Third_Party/FreeRTOS/Source/portable/GCC/ARM_CM7/r0p1/port.o
 *fill*         0x0000000020000679        0x3 
 .bss.ulMaxPRIGROUPValue
                0x000000002000067c        0x4 Middlewares/Third_Party/FreeRTOS/Source/portable/GCC/ARM_CM7/r0p1/port.o
 .bss.ucHeap    0x0000000020000680     0x8000 Middlewares/Third_Party/FreeRTOS/Source/portable/MemMang/heap_4.o
 .bss.xStart    0x0000000020008680        0x8 Middlewares/Third_Party/FreeRTOS/Source/portable/MemMang/heap_4.o
 .bss.pxEnd     0x0000000020008688        0x4 Middlewares/Third_Party/FreeRTOS/Source/portable/MemMang/heap_4.o
 .bss.xFreeBytesRemaining
                0x000000002000868c        0x4 Middlewares/Third_Party/FreeRTOS/Source/portable/MemMang/heap_4.o
 .bss.xMinimumEverFreeBytesRemaining
                0x0000000020008690        0x4 Middlewares/Third_Party/FreeRTOS/Source/portable/MemMang/heap_4.o
 .bss.xBlockAllocatedBit
                0x0000000020008694        0x4 Middlewares/Third_Party/FreeRTOS/Source/portable/MemMang/heap_4.o
 .bss.__malloc_free_list
                0x0000000020008698        0x4 c:/st/stm32cubeide_1.5.1/stm32cubeide/plugins/com.st.stm32cube.ide.mcu.externaltools.gnu-tools-for-stm32.7-2018-q2-update.win32_1.5.0.202011040924/tools/bin/../lib/gcc/arm-none-eabi/7.3.1/../../../../arm-none-eabi/lib/thumb/v7e-m/fpv4-sp/hard\libc_nano.a(lib_a-nano-mallocr.o)
                0x0000000020008698                __malloc_free_list
 .bss.__malloc_sbrk_start
                0x000000002000869c        0x4 c:/st/stm32cubeide_1.5.1/stm32cubeide/plugins/com.st.stm32cube.ide.mcu.externaltools.gnu-tools-for-stm32.7-2018-q2-update.win32_1.5.0.202011040924/tools/bin/../lib/gcc/arm-none-eabi/7.3.1/../../../../arm-none-eabi/lib/thumb/v7e-m/fpv4-sp/hard\libc_nano.a(lib_a-nano-mallocr.o)
                0x000000002000869c                __malloc_sbrk_start
 *(COMMON)
 COMMON         0x00000000200086a0      0x613 Core/Src/main.o
                0x00000000200086a0                defaultTaskHandle
                0x00000000200086a4                hi2c3
                0x00000000200086f0                AffichageHandle
                0x00000000200086f4                advy
                0x00000000200086f5                advm
                0x00000000200086f8                hspi2
                0x000000002000875c                huart7
                0x00000000200087dc                i3
                0x00000000200087e0                htim8
                0x0000000020008820                j1
                0x0000000020008824                hi2c1
                0x0000000020008870                advn
                0x0000000020008871                i2
                0x0000000020008874                Jeu1Handle
                0x0000000020008878                j4
                0x0000000020008879                j2
                0x000000002000887c                htim5
                0x00000000200088bc                Jeu3Handle
                0x00000000200088c0                htim3
                0x0000000020008900                s1
                0x0000000020008904                hltdc
                0x00000000200089ac                hadc1
                0x00000000200089f4                hadc3
                0x0000000020008a3c                huart1
                0x0000000020008abc                hdac
                0x0000000020008ad0                s4
                0x0000000020008ad4                hrtc
                0x0000000020008af4                htim1
                0x0000000020008b34                txbuffer
                0x0000000020008b40                hrng
                0x0000000020008b50                Jeu2Handle
                0x0000000020008b54                s2
                0x0000000020008b58                huart6
                0x0000000020008bd8                advx
                0x0000000020008bdc                hdma2d
                0x0000000020008c1c                i4
                0x0000000020008c20                htim2
                0x0000000020008c60                Mutex1Handle
                0x0000000020008c64                Jeu4Handle